Archive member included because of file (symbol)

/home/azzathesis/ardupilot/build/px4-v2/modules/PX4Firmware/px4io-v2/NuttX/nuttx-export/libs/libnuttx.a(sched-irq_attach.o)
                              CMakeFiles/px4io-v2.dir/__/__/drivers/stm32/drv_hrt.c.obj (irq_attach)
/home/azzathesis/ardupilot/build/px4-v2/modules/PX4Firmware/px4io-v2/NuttX/nuttx-export/libs/libnuttx.a(sched-irq_initialize.o)
                              /home/azzathesis/ardupilot/build/px4-v2/modules/PX4Firmware/px4io-v2/NuttX/nuttx-export/libs/libnuttx.a(sched-irq_attach.o) (g_irqvector)
/home/azzathesis/ardupilot/build/px4-v2/modules/PX4Firmware/px4io-v2/NuttX/nuttx-export/libs/libnuttx.a(sched-irq_unexpectedisr.o)
                              /home/azzathesis/ardupilot/build/px4-v2/modules/PX4Firmware/px4io-v2/NuttX/nuttx-export/libs/libnuttx.a(sched-irq_attach.o) (irq_unexpected_isr)
/home/azzathesis/ardupilot/build/px4-v2/modules/PX4Firmware/px4io-v2/NuttX/nuttx-export/libs/libnuttx.a(c-lib_abort.o)
                              (abort)
/home/azzathesis/ardupilot/build/px4-v2/modules/PX4Firmware/px4io-v2/NuttX/nuttx-export/libs/libnuttx.a(c-lib_cfsetspeed.o)
                              CMakeFiles/px4io-v2.dir/__/__/lib/rc/sbus.c.obj (cfsetspeed)
/home/azzathesis/ardupilot/build/px4-v2/modules/PX4Firmware/px4io-v2/NuttX/nuttx-export/libs/libnuttx.a(c-lib_crc32.o)
                              CMakeFiles/px4io-v2.dir/px4io.c.obj (crc32part)
/home/azzathesis/ardupilot/build/px4-v2/modules/PX4Firmware/px4io-v2/NuttX/nuttx-export/libs/libnuttx.a(c-lib_dprintf.o)
                              CMakeFiles/px4io-v2.dir/__/systemlib/perf_counter.c.obj (dprintf)
/home/azzathesis/ardupilot/build/px4-v2/modules/PX4Firmware/px4io-v2/NuttX/nuttx-export/libs/libnuttx.a(c-lib_lowsyslog.o)
                              CMakeFiles/px4io-v2.dir/px4io.c.obj (lowsyslog)
/home/azzathesis/ardupilot/build/px4-v2/modules/PX4Firmware/px4io-v2/NuttX/nuttx-export/libs/libnuttx.a(c-lib_memchr.o)
                              CMakeFiles/px4io-v2.dir/__/systemlib/mixer/mixer.cpp.obj (memchr)
/home/azzathesis/ardupilot/build/px4-v2/modules/PX4Firmware/px4io-v2/NuttX/nuttx-export/libs/libnuttx.a(c-lib_memcpy.o)
                              CMakeFiles/px4io-v2.dir/mixer.cpp.obj (memcpy)
/home/azzathesis/ardupilot/build/px4-v2/modules/PX4Firmware/px4io-v2/NuttX/nuttx-export/libs/libnuttx.a(c-lib_memset.o)
                              CMakeFiles/px4io-v2.dir/px4io.c.obj (memset)
/home/azzathesis/ardupilot/build/px4-v2/modules/PX4Firmware/px4io-v2/NuttX/nuttx-export/libs/libnuttx.a(c-lib_printf.o)
                              CMakeFiles/px4io-v2.dir/__/systemlib/perf_counter.c.obj (printf)
/home/azzathesis/ardupilot/build/px4-v2/modules/PX4Firmware/px4io-v2/NuttX/nuttx-export/libs/libnuttx.a(c-lib_sscanf.o)
                              CMakeFiles/px4io-v2.dir/__/systemlib/mixer/mixer_multirotor.cpp.obj (sscanf)
/home/azzathesis/ardupilot/build/px4-v2/modules/PX4Firmware/px4io-v2/NuttX/nuttx-export/libs/libnuttx.a(c-lib_strchr.o)
                              /home/azzathesis/ardupilot/build/px4-v2/modules/PX4Firmware/px4io-v2/NuttX/nuttx-export/libs/libnuttx.a(c-lib_sscanf.o) (strchr)
/home/azzathesis/ardupilot/build/px4-v2/modules/PX4Firmware/px4io-v2/NuttX/nuttx-export/libs/libnuttx.a(c-lib_strcmp.o)
                              CMakeFiles/px4io-v2.dir/__/systemlib/perf_counter.c.obj (strcmp)
/home/azzathesis/ardupilot/build/px4-v2/modules/PX4Firmware/px4io-v2/NuttX/nuttx-export/libs/libnuttx.a(c-lib_strcspn.o)
                              /home/azzathesis/ardupilot/build/px4-v2/modules/PX4Firmware/px4io-v2/NuttX/nuttx-export/libs/libnuttx.a(c-lib_sscanf.o) (strcspn)
/home/azzathesis/ardupilot/build/px4-v2/modules/PX4Firmware/px4io-v2/NuttX/nuttx-export/libs/libnuttx.a(c-lib_strncpy.o)
                              /home/azzathesis/ardupilot/build/px4-v2/modules/PX4Firmware/px4io-v2/NuttX/nuttx-export/libs/libnuttx.a(c-lib_sscanf.o) (strncpy)
/home/azzathesis/ardupilot/build/px4-v2/modules/PX4Firmware/px4io-v2/NuttX/nuttx-export/libs/libnuttx.a(c-lib_strtol.o)
                              /home/azzathesis/ardupilot/build/px4-v2/modules/PX4Firmware/px4io-v2/NuttX/nuttx-export/libs/libnuttx.a(c-lib_sscanf.o) (strtol)
/home/azzathesis/ardupilot/build/px4-v2/modules/PX4Firmware/px4io-v2/NuttX/nuttx-export/libs/libnuttx.a(c-lib_strtoul.o)
                              /home/azzathesis/ardupilot/build/px4-v2/modules/PX4Firmware/px4io-v2/NuttX/nuttx-export/libs/libnuttx.a(c-lib_strtol.o) (strtoul)
/home/azzathesis/ardupilot/build/px4-v2/modules/PX4Firmware/px4io-v2/NuttX/nuttx-export/libs/libnuttx.a(c-lib_syslog.o)
                              /home/azzathesis/ardupilot/build/px4-v2/modules/PX4Firmware/px4io-v2/NuttX/nuttx-export/libs/libnuttx.a(c-lib_printf.o) (vsyslog)
/home/azzathesis/ardupilot/build/px4-v2/modules/PX4Firmware/px4io-v2/NuttX/nuttx-export/libs/libnuttx.a(c-lib_tcgetattr.o)
[...]
Memory Configuration

Name             Origin             Length             Attributes
flash            0x08001000         0x0000f000         xr
sram             0x20000000         0x00002000         xrw
*default*        0x00000000         0xffffffff

Linker script and memory map

LOAD CMakeFiles/px4io-v2.dir/adc.c.obj
LOAD CMakeFiles/px4io-v2.dir/controls.c.obj
LOAD CMakeFiles/px4io-v2.dir/px4io.c.obj
LOAD CMakeFiles/px4io-v2.dir/registers.c.obj
LOAD CMakeFiles/px4io-v2.dir/safety.c.obj
LOAD CMakeFiles/px4io-v2.dir/__/systemlib/up_cxxinitialize.c.obj
LOAD CMakeFiles/px4io-v2.dir/__/systemlib/perf_counter.c.obj
LOAD CMakeFiles/px4io-v2.dir/mixer.cpp.obj
LOAD CMakeFiles/px4io-v2.dir/__/systemlib/mixer/mixer.cpp.obj
LOAD CMakeFiles/px4io-v2.dir/__/systemlib/mixer/mixer_group.cpp.obj
LOAD CMakeFiles/px4io-v2.dir/__/systemlib/mixer/mixer_multirotor.cpp.obj
LOAD CMakeFiles/px4io-v2.dir/__/systemlib/mixer/mixer_simple.cpp.obj
LOAD CMakeFiles/px4io-v2.dir/__/systemlib/pwm_limit/pwm_limit.c.obj
LOAD CMakeFiles/px4io-v2.dir/__/__/lib/rc/st24.c.obj
LOAD CMakeFiles/px4io-v2.dir/__/__/lib/rc/sumd.c.obj
LOAD CMakeFiles/px4io-v2.dir/__/__/lib/rc/sbus.c.obj
LOAD CMakeFiles/px4io-v2.dir/__/__/lib/rc/dsm.c.obj
LOAD CMakeFiles/px4io-v2.dir/__/__/lib/rc/srxl.c.obj
LOAD CMakeFiles/px4io-v2.dir/__/__/drivers/stm32/drv_hrt.c.obj
LOAD CMakeFiles/px4io-v2.dir/__/__/drivers/stm32/drv_io_timer.c.obj
LOAD CMakeFiles/px4io-v2.dir/__/__/drivers/stm32/drv_pwm_servo.c.obj
LOAD CMakeFiles/px4io-v2.dir/__/__/drivers/boards/px4io-v2/px4io_init.c.obj
LOAD CMakeFiles/px4io-v2.dir/__/__/drivers/boards/px4io-v2/px4io_timer_config.c.obj
LOAD CMakeFiles/px4io-v2.dir/serial.c.obj
LOAD CMakeFiles/px4io-v2.dir/__/systemlib/hx_stream.c.obj
START GROUP
LOAD /home/azzathesis/ardupilot/build/px4-v2/modules/PX4Firmware/px4io-v2/NuttX/nuttx-export/libs/libapps.a
LOAD /home/azzathesis/ardupilot/build/px4-v2/modules/PX4Firmware/px4io-v2/NuttX/nuttx-export/libs/libnuttx.a
LOAD /opt/gcc-arm-none-eabi-4_9-2015q3/bin/../lib/gcc/arm-none-eabi/4.9.3/../../../../arm-none-eabi/lib/armv7-m/libnosys.a
LOAD /opt/gcc-arm-none-eabi-4_9-2015q3/bin/../lib/gcc/arm-none-eabi/4.9.3/../../../../arm-none-eabi/lib/armv7-m/libm.a
LOAD /opt/gcc-arm-none-eabi-4_9-2015q3/bin/../lib/gcc/arm-none-eabi/4.9.3/armv7-m/libgcc.a
END GROUP

.text           0x08001000     0x9c78
                0x08001000                _stext = ABSOLUTE (.)
 *(.vectors)
 .vectors       0x08001000      0x134 /home/azzathesis/ardupilot/build/px4-v2/modules/PX4Firmware/px4io-v2/NuttX/nuttx-export/libs/libnuttx.a(arch-up_vectors.o)
                0x08001000                _vectors
 *(.text .text.*)
 .text.adc_init
                0x08001134       0x88 CMakeFiles/px4io-v2.dir/adc.c.obj
                0x08001134                adc_init
 .text.adc_measure
                0x080011bc       0x78 CMakeFiles/px4io-v2.dir/adc.c.obj
                0x080011bc                adc_measure
 .text.controls_init
                0x08001234       0x90 CMakeFiles/px4io-v2.dir/controls.c.obj
                0x08001234                controls_init
 .text.controls_tick
                0x080012c4      0x6b8 CMakeFiles/px4io-v2.dir/controls.c.obj
                0x080012c4                controls_tick
 .text.isr_debug
                0x0800197c       0x4c CMakeFiles/px4io-v2.dir/px4io.c.obj
                0x0800197c                isr_debug
 .text.schedule_reboot
                0x080019c8       0x1c CMakeFiles/px4io-v2.dir/px4io.c.obj
                0x080019c8                schedule_reboot
 .text.user_start
                0x080019e4      0x308 CMakeFiles/px4io-v2.dir/px4io.c.obj
                0x080019e4                user_start
 .text.pwm_configure_rates
                0x08001cec       0x6c CMakeFiles/px4io-v2.dir/registers.c.obj
 .text.registers_set
                0x08001d58      0x5e0 CMakeFiles/px4io-v2.dir/registers.c.obj
                0x08001d58                registers_set
 .text.registers_get
                0x08002338      0x188 CMakeFiles/px4io-v2.dir/registers.c.obj
                0x08002338                registers_get
 .text.safety_check_button
                0x080024c0       0xd0 CMakeFiles/px4io-v2.dir/safety.c.obj
 .text.failsafe_blink
                0x08002590       0x40 CMakeFiles/px4io-v2.dir/safety.c.obj
 .text.safety_init
                0x080025d0       0x30 CMakeFiles/px4io-v2.dir/safety.c.obj
                0x080025d0                safety_init
 .text.failsafe_led_init
                0x08002600       0x30 CMakeFiles/px4io-v2.dir/safety.c.obj
                0x08002600                failsafe_led_init
 .text.up_cxxinitialize
                0x08002630       0x30 CMakeFiles/px4io-v2.dir/__/systemlib/up_cxxinitialize.c.obj
                0x08002630                up_cxxinitialize
 .text.perf_count
                0x08002660       0xfc CMakeFiles/px4io-v2.dir/__/systemlib/perf_counter.c.obj
                0x08002660                perf_count
 .text.perf_begin
                0x0800275c       0x16 CMakeFiles/px4io-v2.dir/__/systemlib/perf_counter.c.obj
                0x0800275c                perf_begin
 *fill*         0x08002772        0x2 
 .text.perf_end
                0x08002774       0xd8 CMakeFiles/px4io-v2.dir/__/systemlib/perf_counter.c.obj
                0x08002774                perf_end
 .text._ZL14mixer_callbackjhhRf
                0x0800284c      0x15c CMakeFiles/px4io-v2.dir/mixer.cpp.obj
 .text.mixer_handle_text
                0x080029a8      0x110 CMakeFiles/px4io-v2.dir/mixer.cpp.obj
                0x080029a8                mixer_handle_text
 .text.startup._GLOBAL__sub_I_mixer_tick
                0x08002ab8       0x2c CMakeFiles/px4io-v2.dir/mixer.cpp.obj
 .text.mixer_tick
                0x08002ae4      0x400 CMakeFiles/px4io-v2.dir/mixer.cpp.obj
                0x08002ae4                mixer_tick
 .text.mixer_set_failsafe
                0x08002ee4       0x74 CMakeFiles/px4io-v2.dir/mixer.cpp.obj
                0x08002ee4                mixer_set_failsafe
 .text._ZN9NullMixerD2Ev
                0x08002f58        0x2 CMakeFiles/px4io-v2.dir/__/systemlib/mixer/mixer.cpp.obj
                0x08002f58                NullMixer::~NullMixer()
                0x08002f58                NullMixer::~NullMixer()
 .text._ZN9NullMixer3mixEPfjPt
                0x08002f5a        0xe CMakeFiles/px4io-v2.dir/__/systemlib/mixer/mixer.cpp.obj
                0x08002f5a                NullMixer::mix(float*, unsigned int, unsigned short*)
 .text._ZN9NullMixer15groups_requiredERj
                0x08002f68        0x2 CMakeFiles/px4io-v2.dir/__/systemlib/mixer/mixer.cpp.obj
                0x08002f68                NullMixer::groups_required(unsigned int&)
 .text._ZN9NullMixerD0Ev
                0x08002f6a        0xc CMakeFiles/px4io-v2.dir/__/systemlib/mixer/mixer.cpp.obj
                0x08002f6a                NullMixer::~NullMixer()
 *fill*         0x08002f76        0x2 
 .text._ZN5MixerC2EPFijhhRfEj
                0x08002f78       0x14 CMakeFiles/px4io-v2.dir/__/systemlib/mixer/mixer.cpp.obj
                0x08002f78                Mixer::Mixer(int (*)(unsigned int, unsigned char, unsigned char, float&), unsigned int)
                0x08002f78                Mixer::Mixer(int (*)(unsigned int, unsigned char, unsigned char, float&), unsigned int)
 .text._ZN5Mixer5scaleERK14mixer_scaler_sf
                0x08002f8c       0x46 CMakeFiles/px4io-v2.dir/__/systemlib/mixer/mixer.cpp.obj
                0x08002f8c                Mixer::scale(mixer_scaler_s const&, float)
 .text._ZN5Mixer7findtagEPKcRjc
                0x08002fd2       0x26 CMakeFiles/px4io-v2.dir/__/systemlib/mixer/mixer.cpp.obj
                0x08002fd2                Mixer::findtag(char const*, unsigned int&, char)
 .text._ZN5Mixer8skiplineEPKcRj
                0x08002ff8       0x2a CMakeFiles/px4io-v2.dir/__/systemlib/mixer/mixer.cpp.obj
                0x08002ff8                Mixer::skipline(char const*, unsigned int&)
 *fill*         0x08003022        0x2 
 .text._ZN9NullMixerC2Ev
                0x08003024       0x14 CMakeFiles/px4io-v2.dir/__/systemlib/mixer/mixer.cpp.obj
                0x08003024                NullMixer::NullMixer()
                0x08003024                NullMixer::NullMixer()
 .text._ZN9NullMixer9from_textEPKcRj
                0x08003038       0x4c CMakeFiles/px4io-v2.dir/__/systemlib/mixer/mixer.cpp.obj
                0x08003038                NullMixer::from_text(char const*, unsigned int&)
 .text._ZN10MixerGroup3mixEPfjPt
                0x08003084       0x32 CMakeFiles/px4io-v2.dir/__/systemlib/mixer/mixer_group.cpp.obj
                0x08003084                MixerGroup::mix(float*, unsigned int, unsigned short*)
 .text._ZN10MixerGroup15groups_requiredERj
                0x080030b6       0x18 CMakeFiles/px4io-v2.dir/__/systemlib/mixer/mixer_group.cpp.obj
                0x080030b6                MixerGroup::groups_required(unsigned int&)
 *fill*         0x080030ce        0x2 
 .text._ZN10MixerGroupC2EPFijhhRfEj
                0x080030d0       0x18 CMakeFiles/px4io-v2.dir/__/systemlib/mixer/mixer_group.cpp.obj
                0x080030d0                MixerGroup::MixerGroup(int (*)(unsigned int, unsigned char, unsigned char, float&), unsigned int)
                0x080030d0                MixerGroup::MixerGroup(int (*)(unsigned int, unsigned char, unsigned char, float&), unsigned int)
 .text._ZN10MixerGroup9add_mixerEP5Mixer
                0x080030e8       0x14 CMakeFiles/px4io-v2.dir/__/systemlib/mixer/mixer_group.cpp.obj
                0x080030e8                MixerGroup::add_mixer(Mixer*)
 .text._ZN10MixerGroup5resetEv
                0x080030fc       0x16 CMakeFiles/px4io-v2.dir/__/systemlib/mixer/mixer_group.cpp.obj
                0x080030fc                MixerGroup::reset()
 *fill*         0x08003112        0x2 
 .text._ZN10MixerGroupD2Ev
                0x08003114       0x14 CMakeFiles/px4io-v2.dir/__/systemlib/mixer/mixer_group.cpp.obj
                0x08003114                MixerGroup::~MixerGroup()
                0x08003114                MixerGroup::~MixerGroup()
 .text._ZN10MixerGroupD0Ev
                0x08003128       0x12 CMakeFiles/px4io-v2.dir/__/systemlib/mixer/mixer_group.cpp.obj
                0x08003128                MixerGroup::~MixerGroup()
 .text._ZN10MixerGroup13load_from_bufEPKcRj
                0x0800313a       0x5c CMakeFiles/px4io-v2.dir/__/systemlib/mixer/mixer_group.cpp.obj
                0x0800313a                MixerGroup::load_from_buf(char const*, unsigned int&)
 .text._ZN11SimpleMixer15groups_requiredERj
                0x08003196       0x22 CMakeFiles/px4io-v2.dir/__/systemlib/mixer/mixer_simple.cpp.obj
                0x08003196                SimpleMixer::groups_required(unsigned int&)
 .text._ZN11SimpleMixerD2Ev
                0x080031b8       0x18 CMakeFiles/px4io-v2.dir/__/systemlib/mixer/mixer_simple.cpp.obj
                0x080031b8                SimpleMixer::~SimpleMixer()
                0x080031b8                SimpleMixer::~SimpleMixer()
 .text._ZN11SimpleMixerD0Ev
                0x080031d0       0x12 CMakeFiles/px4io-v2.dir/__/systemlib/mixer/mixer_simple.cpp.obj
                0x080031d0                SimpleMixer::~SimpleMixer()
 .text._ZN11SimpleMixer3mixEPfjPt
                0x080031e2       0x62 CMakeFiles/px4io-v2.dir/__/systemlib/mixer/mixer_simple.cpp.obj
                0x080031e2                SimpleMixer::mix(float*, unsigned int, unsigned short*)
 .text._ZN11SimpleMixer19parse_output_scalerEPKcRjR14mixer_scaler_s
                0x08003244       0xa4 CMakeFiles/px4io-v2.dir/__/systemlib/mixer/mixer_simple.cpp.obj
                0x08003244                SimpleMixer::parse_output_scaler(char const*, unsigned int&, mixer_scaler_s&)
 .text._ZN11SimpleMixer20parse_control_scalerEPKcRjR14mixer_scaler_sRhS5_
                0x080032e8       0xac CMakeFiles/px4io-v2.dir/__/systemlib/mixer/mixer_simple.cpp.obj
                0x080032e8                SimpleMixer::parse_control_scaler(char const*, unsigned int&, mixer_scaler_s&, unsigned char&, unsigned char&)
 .text._ZN11SimpleMixer9from_textEPFijhhRfEjPKcRj
                0x08003394       0xb8 CMakeFiles/px4io-v2.dir/__/systemlib/mixer/mixer_simple.cpp.obj
                0x08003394                SimpleMixer::from_text(int (*)(unsigned int, unsigned char, unsigned char, float&), unsigned int, char const*, unsigned int&)
 .text.pwm_limit_init
                0x0800344c        0xe CMakeFiles/px4io-v2.dir/__/systemlib/pwm_limit/pwm_limit.c.obj
                0x0800344c                pwm_limit_init
 *fill*         0x0800345a        0x6 
 .text.pwm_limit_calc
                0x08003460      0x218 CMakeFiles/px4io-v2.dir/__/systemlib/pwm_limit/pwm_limit.c.obj
                0x08003460                pwm_limit_calc
 .text.st24_common_crc8
                0x08003678       0x3a CMakeFiles/px4io-v2.dir/__/__/lib/rc/st24.c.obj
                0x08003678                st24_common_crc8
 *fill*         0x080036b2        0x2 
 .text.st24_decode
                0x080036b4      0x1f8 CMakeFiles/px4io-v2.dir/__/__/lib/rc/st24.c.obj
                0x080036b4                st24_decode
 .text.sumd_crc16
                0x080038ac       0x20 CMakeFiles/px4io-v2.dir/__/__/lib/rc/sumd.c.obj
                0x080038ac                sumd_crc16
 .text.sumd_decode
                0x080038cc      0x3a4 CMakeFiles/px4io-v2.dir/__/__/lib/rc/sumd.c.obj
                0x080038cc                sumd_decode
 .text.sbus_config
                0x08003c70       0x78 CMakeFiles/px4io-v2.dir/__/__/lib/rc/sbus.c.obj
                0x08003c70                sbus_config
 .text.sbus_init
                0x08003ce8       0x1e CMakeFiles/px4io-v2.dir/__/__/lib/rc/sbus.c.obj
                0x08003ce8                sbus_init
 *fill*         0x08003d06        0x2 
 .text.sbus1_output
                0x08003d08       0xec CMakeFiles/px4io-v2.dir/__/__/lib/rc/sbus.c.obj
                0x08003d08                sbus1_output
 .text.sbus2_output
                0x08003df4        0x4 CMakeFiles/px4io-v2.dir/__/__/lib/rc/sbus.c.obj
                0x08003df4                sbus2_output
 .text.sbus_parse
                0x08003df8      0x2c4 CMakeFiles/px4io-v2.dir/__/__/lib/rc/sbus.c.obj
                0x08003df8                sbus_parse
 .text.sbus_input
                0x080040bc       0x58 CMakeFiles/px4io-v2.dir/__/__/lib/rc/sbus.c.obj
                0x080040bc                sbus_input
 .text.sbus1_set_output_rate_hz
                0x08004114       0x28 CMakeFiles/px4io-v2.dir/__/__/lib/rc/sbus.c.obj
                0x08004114                sbus1_set_output_rate_hz
 .text.dsm_config
                0x0800413c       0x80 CMakeFiles/px4io-v2.dir/__/__/lib/rc/dsm.c.obj
                0x0800413c                dsm_config
 .text.dsm_init
                0x080041bc       0x4c CMakeFiles/px4io-v2.dir/__/__/lib/rc/dsm.c.obj
                0x080041bc                dsm_init
 .text.dsm_bind
                0x08004208       0x9c CMakeFiles/px4io-v2.dir/__/__/lib/rc/dsm.c.obj
                0x08004208                dsm_bind
 .text.dsm_parse
                0x080042a4      0x308 CMakeFiles/px4io-v2.dir/__/__/lib/rc/dsm.c.obj
                0x080042a4                dsm_parse
 .text.dsm_input
                0x080045ac       0x60 CMakeFiles/px4io-v2.dir/__/__/lib/rc/dsm.c.obj
                0x080045ac                dsm_input
 .text.srxl_channels_get_v1v2
                0x0800460c       0x68 CMakeFiles/px4io-v2.dir/__/__/lib/rc/srxl.c.obj
 .text.srxl_decode
                0x08004674      0x238 CMakeFiles/px4io-v2.dir/__/__/lib/rc/srxl.c.obj
                0x08004674                srxl_decode
 .text.hrt_absolute_time
                0x080048ac       0x48 CMakeFiles/px4io-v2.dir/__/__/drivers/stm32/drv_hrt.c.obj
                0x080048ac                hrt_absolute_time
 .text.hrt_call_reschedule
                0x080048f4       0x58 CMakeFiles/px4io-v2.dir/__/__/drivers/stm32/drv_hrt.c.obj
 .text.hrt_call_enter
                0x0800494c       0x4c CMakeFiles/px4io-v2.dir/__/__/drivers/stm32/drv_hrt.c.obj
 .text.hrt_call_internal
                0x08004998       0x4c CMakeFiles/px4io-v2.dir/__/__/drivers/stm32/drv_hrt.c.obj
 .text.hrt_tim_isr
                0x080049e4      0x1e4 CMakeFiles/px4io-v2.dir/__/__/drivers/stm32/drv_hrt.c.obj
 .text.hrt_elapsed_time
                0x08004bc8       0x22 CMakeFiles/px4io-v2.dir/__/__/drivers/stm32/drv_hrt.c.obj
                0x08004bc8                hrt_elapsed_time
 *fill*         0x08004bea        0x2 
 .text.hrt_init
                0x08004bec       0x84 CMakeFiles/px4io-v2.dir/__/__/drivers/stm32/drv_hrt.c.obj
                0x08004bec                hrt_init
 .text.hrt_call_every
                0x08004c70       0x36 CMakeFiles/px4io-v2.dir/__/__/drivers/stm32/drv_hrt.c.obj
                0x08004c70                hrt_call_every
 *fill*         0x08004ca6        0x2 
 .text.io_timer_handler
                0x08004ca8       0xd8 CMakeFiles/px4io-v2.dir/__/__/drivers/stm32/drv_io_timer.c.obj
 .text.get_timer_channels
                0x08004d80       0x30 CMakeFiles/px4io-v2.dir/__/__/drivers/stm32/drv_io_timer.c.obj
 .text.io_timer_handler0
                0x08004db0        0x6 CMakeFiles/px4io-v2.dir/__/__/drivers/stm32/drv_io_timer.c.obj
                0x08004db0                io_timer_handler0
 .text.io_timer_handler1
                0x08004db6        0x6 CMakeFiles/px4io-v2.dir/__/__/drivers/stm32/drv_io_timer.c.obj
                0x08004db6                io_timer_handler1
 .text.io_timer_handler2
                0x08004dbc        0x6 CMakeFiles/px4io-v2.dir/__/__/drivers/stm32/drv_io_timer.c.obj
                0x08004dbc                io_timer_handler2
 *fill*         0x08004dc2        0x2 
 .text.io_timer_validate_channel_index
                0x08004dc4       0x3c CMakeFiles/px4io-v2.dir/__/__/drivers/stm32/drv_io_timer.c.obj
                0x08004dc4                io_timer_validate_channel_index
 .text.io_timer_is_channel_free
                0x08004e00       0x20 CMakeFiles/px4io-v2.dir/__/__/drivers/stm32/drv_io_timer.c.obj
                0x08004e00                io_timer_is_channel_free
 .text.io_timer_get_mode_channels
                0x08004e20       0x14 CMakeFiles/px4io-v2.dir/__/__/drivers/stm32/drv_io_timer.c.obj
                0x08004e20                io_timer_get_mode_channels
 .text.io_timer_get_channel_mode
                0x08004e34       0x24 CMakeFiles/px4io-v2.dir/__/__/drivers/stm32/drv_io_timer.c.obj
                0x08004e34                io_timer_get_channel_mode
 .text.io_timer_set_rate
                0x08004e58       0x34 CMakeFiles/px4io-v2.dir/__/__/drivers/stm32/drv_io_timer.c.obj
                0x08004e58                io_timer_set_rate
 .text.io_timer_set_clock
                0x08004e8c       0x3c CMakeFiles/px4io-v2.dir/__/__/drivers/stm32/drv_io_timer.c.obj
                0x08004e8c                io_timer_set_clock
 .text.io_timer_channel_init
                0x08004ec8      0x1fc CMakeFiles/px4io-v2.dir/__/__/drivers/stm32/drv_io_timer.c.obj
                0x08004ec8                io_timer_channel_init
 .text.io_timer_set_enable
                0x080050c4      0x180 CMakeFiles/px4io-v2.dir/__/__/drivers/stm32/drv_io_timer.c.obj
                0x080050c4                io_timer_set_enable
 .text.io_timer_free_channel
                0x08005244       0x54 CMakeFiles/px4io-v2.dir/__/__/drivers/stm32/drv_io_timer.c.obj
                0x08005244                io_timer_free_channel
 .text.io_timer_set_ccr
                0x08005298       0x44 CMakeFiles/px4io-v2.dir/__/__/drivers/stm32/drv_io_timer.c.obj
                0x08005298                io_timer_set_ccr
 .text.io_timer_get_group
                0x080052dc        0x4 CMakeFiles/px4io-v2.dir/__/__/drivers/stm32/drv_io_timer.c.obj
                0x080052dc                io_timer_get_group
 .text.io_timer_pwm_trigger
                0x080052e0       0x48 CMakeFiles/px4io-v2.dir/__/__/drivers/stm32/drv_io_timer.c.obj
                0x080052e0                io_timer_pwm_trigger
 .text.up_pwm_servo_set
                0x08005328        0x4 CMakeFiles/px4io-v2.dir/__/__/drivers/stm32/drv_pwm_servo.c.obj
                0x08005328                up_pwm_servo_set
 .text.up_pwm_servo_trigger
                0x0800532c        0x4 CMakeFiles/px4io-v2.dir/__/__/drivers/stm32/drv_pwm_servo.c.obj
                0x0800532c                up_pwm_servo_trigger
 .text.up_pwm_servo_init
                0x08005330       0x62 CMakeFiles/px4io-v2.dir/__/__/drivers/stm32/drv_pwm_servo.c.obj
                0x08005330                up_pwm_servo_init
 *fill*         0x08005392        0x2 
 .text.up_pwm_servo_set_rate_group_update
                0x08005394       0x30 CMakeFiles/px4io-v2.dir/__/__/drivers/stm32/drv_pwm_servo.c.obj
                0x08005394                up_pwm_servo_set_rate_group_update
 .text.up_pwm_servo_set_rate_group_clock
                0x080053c4        0xa CMakeFiles/px4io-v2.dir/__/__/drivers/stm32/drv_pwm_servo.c.obj
                0x080053c4                up_pwm_servo_set_rate_group_clock
 .text.up_pwm_servo_get_rate_group
                0x080053ce        0x4 CMakeFiles/px4io-v2.dir/__/__/drivers/stm32/drv_pwm_servo.c.obj
                0x080053ce                up_pwm_servo_get_rate_group
 .text.up_pwm_servo_arm
                0x080053d2        0x8 CMakeFiles/px4io-v2.dir/__/__/drivers/stm32/drv_pwm_servo.c.obj
                0x080053d2                up_pwm_servo_arm
 .text.stm32_boardinitialize
                0x080053da      0x120 CMakeFiles/px4io-v2.dir/__/__/drivers/boards/px4io-v2/px4io_init.c.obj
                0x080053da                stm32_boardinitialize
 *fill*         0x080054fa        0x2 
 .text.dma_reset
                0x080054fc       0x6c CMakeFiles/px4io-v2.dir/serial.c.obj
 .text.rx_dma_callback
                0x08005568      0x154 CMakeFiles/px4io-v2.dir/serial.c.obj
 .text.serial_interrupt
                0x080056bc       0xd0 CMakeFiles/px4io-v2.dir/serial.c.obj
 .text.interface_init
                0x0800578c       0xcc CMakeFiles/px4io-v2.dir/serial.c.obj
                0x0800578c                interface_init
 .text.irq_attach
                0x08005858       0x38 /home/azzathesis/ardupilot/build/px4-v2/modules/PX4Firmware/px4io-v2/NuttX/nuttx-export/libs/libnuttx.a(sched-irq_attach.o)
                0x08005858                irq_attach
 .text.irq_initialize
                0x08005890       0x1c /home/azzathesis/ardupilot/build/px4-v2/modules/PX4Firmware/px4io-v2/NuttX/nuttx-export/libs/libnuttx.a(sched-irq_initialize.o)
                0x08005890                irq_initialize
 .text.irq_unexpected_isr
                0x080058ac       0x14 /home/azzathesis/ardupilot/build/px4-v2/modules/PX4Firmware/px4io-v2/NuttX/nuttx-export/libs/libnuttx.a(sched-irq_unexpectedisr.o)
                0x080058ac                irq_unexpected_isr
 .text.abort    0x080058c0        0x8 /home/azzathesis/ardupilot/build/px4-v2/modules/PX4Firmware/px4io-v2/NuttX/nuttx-export/libs/libnuttx.a(c-lib_abort.o)
                0x080058c0                abort
 .text.cfsetspeed
                0x080058c8        0x6 /home/azzathesis/ardupilot/build/px4-v2/modules/PX4Firmware/px4io-v2/NuttX/nuttx-export/libs/libnuttx.a(c-lib_cfsetspeed.o)
                0x080058c8                cfsetspeed
 *fill*         0x080058ce        0x2 
 .text.crc32part
                0x080058d0       0x24 /home/azzathesis/ardupilot/build/px4-v2/modules/PX4Firmware/px4io-v2/NuttX/nuttx-export/libs/libnuttx.a(c-lib_crc32.o)
                0x080058d0                crc32part
 .text.lowvsyslog
                0x080058f4       0x1a /home/azzathesis/ardupilot/build/px4-v2/modules/PX4Firmware/px4io-v2/NuttX/nuttx-export/libs/libnuttx.a(c-lib_lowsyslog.o)
                0x080058f4                lowvsyslog
 .text.lowsyslog
                0x0800590e       0x1a /home/azzathesis/ardupilot/build/px4-v2/modules/PX4Firmware/px4io-v2/NuttX/nuttx-export/libs/libnuttx.a(c-lib_lowsyslog.o)
                0x0800590e                lowsyslog
 .text.memchr   0x08005928       0x1e /home/azzathesis/ardupilot/build/px4-v2/modules/PX4Firmware/px4io-v2/NuttX/nuttx-export/libs/libnuttx.a(c-lib_memchr.o)
                0x08005928                memchr
 .text.memcpy   0x08005946       0x16 /home/azzathesis/ardupilot/build/px4-v2/modules/PX4Firmware/px4io-v2/NuttX/nuttx-export/libs/libnuttx.a(c-lib_memcpy.o)
                0x08005946                memcpy
 .text.memset   0x0800595c       0x10 /home/azzathesis/ardupilot/build/px4-v2/modules/PX4Firmware/px4io-v2/NuttX/nuttx-export/libs/libnuttx.a(c-lib_memset.o)
                0x0800595c                memset
 .text.printf   0x0800596c       0x1a /home/azzathesis/ardupilot/build/px4-v2/modules/PX4Firmware/px4io-v2/NuttX/nuttx-export/libs/libnuttx.a(c-lib_printf.o)
                0x0800596c                printf
 *fill*         0x08005986        0x2 
 .text.findwidth
                0x08005988       0x34 /home/azzathesis/ardupilot/build/px4-v2/modules/PX4Firmware/px4io-v2/NuttX/nuttx-export/libs/libnuttx.a(c-lib_sscanf.o)
 .text.vsscanf  0x080059bc      0x314 /home/azzathesis/ardupilot/build/px4-v2/modules/PX4Firmware/px4io-v2/NuttX/nuttx-export/libs/libnuttx.a(c-lib_sscanf.o)
                0x080059bc                vsscanf
 .text.sscanf   0x08005cd0       0x1a /home/azzathesis/ardupilot/build/px4-v2/modules/PX4Firmware/px4io-v2/NuttX/nuttx-export/libs/libnuttx.a(c-lib_sscanf.o)
                0x08005cd0                sscanf
 .text.strchr   0x08005cea       0x16 /home/azzathesis/ardupilot/build/px4-v2/modules/PX4Firmware/px4io-v2/NuttX/nuttx-export/libs/libnuttx.a(c-lib_strchr.o)
                0x08005cea                strchr
 .text.strcspn  0x08005d00       0x1e /home/azzathesis/ardupilot/build/px4-v2/modules/PX4Firmware/px4io-v2/NuttX/nuttx-export/libs/libnuttx.a(c-lib_strcspn.o)
                0x08005d00                strcspn
 .text.strncpy  0x08005d1e       0x24 /home/azzathesis/ardupilot/build/px4-v2/modules/PX4Firmware/px4io-v2/NuttX/nuttx-export/libs/libnuttx.a(c-lib_strncpy.o)
                0x08005d1e                strncpy
 .text.strtol   0x08005d42       0x3c /home/azzathesis/ardupilot/build/px4-v2/modules/PX4Firmware/px4io-v2/NuttX/nuttx-export/libs/libnuttx.a(c-lib_strtol.o)
                0x08005d42                strtol
 .text.strtoul  0x08005d7e       0x48 /home/azzathesis/ardupilot/build/px4-v2/modules/PX4Firmware/px4io-v2/NuttX/nuttx-export/libs/libnuttx.a(c-lib_strtoul.o)
                0x08005d7e                strtoul
 .text.vsyslog  0x08005dc6       0x1e /home/azzathesis/ardupilot/build/px4-v2/modules/PX4Firmware/px4io-v2/NuttX/nuttx-export/libs/libnuttx.a(c-lib_syslog.o)
                0x08005dc6                vsyslog
 .text.tcgetattr
                0x08005de4        0xa /home/azzathesis/ardupilot/build/px4-v2/modules/PX4Firmware/px4io-v2/NuttX/nuttx-export/libs/libnuttx.a(c-lib_tcgetattr.o)
                0x08005de4                tcgetattr
 .text.tcsetattr
                0x08005dee       0x10 /home/azzathesis/ardupilot/build/px4-v2/modules/PX4Firmware/px4io-v2/NuttX/nuttx-export/libs/libnuttx.a(c-lib_tcsetattr.o)
                0x08005dee                tcsetattr
 .text.vsnprintf
                0x08005dfe       0x24 /home/azzathesis/ardupilot/build/px4-v2/modules/PX4Firmware/px4io-v2/NuttX/nuttx-export/libs/libnuttx.a(c-lib_vsnprintf.o)
                0x08005dfe                vsnprintf
 .text.sq_addafter
                0x08005e22       0x1c /home/azzathesis/ardupilot/build/px4-v2/modules/PX4Firmware/px4io-v2/NuttX/nuttx-export/libs/libnuttx.a(c-sq_addafter.o)
                0x08005e22                sq_addafter
 .text.sq_addfirst
                0x08005e3e        0xe /home/azzathesis/ardupilot/build/px4-v2/modules/PX4Firmware/px4io-v2/NuttX/nuttx-export/libs/libnuttx.a(c-sq_addfirst.o)
                0x08005e3e                sq_addfirst
 .text.sq_addlast
                0x08005e4c       0x14 /home/azzathesis/ardupilot/build/px4-v2/modules/PX4Firmware/px4io-v2/NuttX/nuttx-export/libs/libnuttx.a(c-sq_addlast.o)
                0x08005e4c                sq_addlast
 .text.sq_rem   0x08005e60       0x2c /home/azzathesis/ardupilot/build/px4-v2/modules/PX4Firmware/px4io-v2/NuttX/nuttx-export/libs/libnuttx.a(c-sq_rem.o)
                0x08005e60                sq_rem
 .text.free     0x08005e8c       0xa8 /home/azzathesis/ardupilot/build/px4-v2/modules/PX4Firmware/px4io-v2/NuttX/nuttx-export/libs/libnuttx.a(mm-mm_free.o)
                0x08005e8c                free
 .text.mallinfo
                0x08005f34       0x5c /home/azzathesis/ardupilot/build/px4-v2/modules/PX4Firmware/px4io-v2/NuttX/nuttx-export/libs/libnuttx.a(mm-mm_mallinfo.o)
                0x08005f34                mallinfo
 .text.malloc   0x08005f90       0x94 /home/azzathesis/ardupilot/build/px4-v2/modules/PX4Firmware/px4io-v2/NuttX/nuttx-export/libs/libnuttx.a(mm-mm_malloc.o)
                0x08005f90                malloc
 .text.mm_seminitialize
                0x08006024       0x18 /home/azzathesis/ardupilot/build/px4-v2/modules/PX4Firmware/px4io-v2/NuttX/nuttx-export/libs/libnuttx.a(mm-mm_sem.o)
                0x08006024                mm_seminitialize
 .text.mm_trysemaphore
                0x0800603c       0x32 /home/azzathesis/ardupilot/build/px4-v2/modules/PX4Firmware/px4io-v2/NuttX/nuttx-export/libs/libnuttx.a(mm-mm_sem.o)
                0x0800603c                mm_trysemaphore
 *fill*         0x0800606e        0x2 
 .text.mm_takesemaphore
                0x08006070       0x40 /home/azzathesis/ardupilot/build/px4-v2/modules/PX4Firmware/px4io-v2/NuttX/nuttx-export/libs/libnuttx.a(mm-mm_sem.o)
                0x08006070                mm_takesemaphore
 .text.mm_givesemaphore
                0x080060b0       0x2c /home/azzathesis/ardupilot/build/px4-v2/modules/PX4Firmware/px4io-v2/NuttX/nuttx-export/libs/libnuttx.a(mm-mm_sem.o)
                0x080060b0                mm_givesemaphore
 .text.mm_size2ndx
                0x080060dc       0x1a /home/azzathesis/ardupilot/build/px4-v2/modules/PX4Firmware/px4io-v2/NuttX/nuttx-export/libs/libnuttx.a(mm-mm_size2ndx.o)
                0x080060dc                mm_size2ndx
 *fill*         0x080060f6        0x2 
 .text.umm_initialize
                0x080060f8       0x10 /home/azzathesis/ardupilot/build/px4-v2/modules/PX4Firmware/px4io-v2/NuttX/nuttx-export/libs/libnuttx.a(mm-mm_user.o)
                0x080060f8                umm_initialize
 .text.umm_trysemaphore
                0x08006108        0xc /home/azzathesis/ardupilot/build/px4-v2/modules/PX4Firmware/px4io-v2/NuttX/nuttx-export/libs/libnuttx.a(mm-mm_user.o)
                0x08006108                umm_trysemaphore
 .text.umm_givesemaphore
                0x08006114        0xc /home/azzathesis/ardupilot/build/px4-v2/modules/PX4Firmware/px4io-v2/NuttX/nuttx-export/libs/libnuttx.a(mm-mm_user.o)
                0x08006114                umm_givesemaphore
 .text.zalloc   0x08006120       0x18 /home/azzathesis/ardupilot/build/px4-v2/modules/PX4Firmware/px4io-v2/NuttX/nuttx-export/libs/libnuttx.a(mm-mm_zalloc.o)
                0x08006120                zalloc
 .text.stm32_dmachandisable
                0x08006138       0x20 /home/azzathesis/ardupilot/build/px4-v2/modules/PX4Firmware/px4io-v2/NuttX/nuttx-export/libs/libnuttx.a(arch-stm32_dma.o)
 .text.stm32_dmainterrupt
                0x08006158       0x54 /home/azzathesis/ardupilot/build/px4-v2/modules/PX4Firmware/px4io-v2/NuttX/nuttx-export/libs/libnuttx.a(arch-stm32_dma.o)
 .text.up_dmainitialize
                0x080061ac       0x3c /home/azzathesis/ardupilot/build/px4-v2/modules/PX4Firmware/px4io-v2/NuttX/nuttx-export/libs/libnuttx.a(arch-stm32_dma.o)
                0x080061ac                up_dmainitialize
 .text.stm32_dmachannel
                0x080061e8       0x34 /home/azzathesis/ardupilot/build/px4-v2/modules/PX4Firmware/px4io-v2/NuttX/nuttx-export/libs/libnuttx.a(arch-stm32_dma.o)
                0x080061e8                stm32_dmachannel
 .text.stm32_dmafree
                0x0800621c        0x6 /home/azzathesis/ardupilot/build/px4-v2/modules/PX4Firmware/px4io-v2/NuttX/nuttx-export/libs/libnuttx.a(arch-stm32_dma.o)
                0x0800621c                stm32_dmafree
 .text.stm32_dmasetup
                0x08006222       0x2a /home/azzathesis/ardupilot/build/px4-v2/modules/PX4Firmware/px4io-v2/NuttX/nuttx-export/libs/libnuttx.a(arch-stm32_dma.o)
                0x08006222                stm32_dmasetup
 .text.stm32_dmastart
                0x0800624c       0x28 /home/azzathesis/ardupilot/build/px4-v2/modules/PX4Firmware/px4io-v2/NuttX/nuttx-export/libs/libnuttx.a(arch-stm32_dma.o)
                0x0800624c                stm32_dmastart
 .text.stm32_dmastop
                0x08006274        0x4 /home/azzathesis/ardupilot/build/px4-v2/modules/PX4Firmware/px4io-v2/NuttX/nuttx-export/libs/libnuttx.a(arch-stm32_dma.o)
                0x08006274                stm32_dmastop
 .text.stm32_dmaresidual
                0x08006278        0x6 /home/azzathesis/ardupilot/build/px4-v2/modules/PX4Firmware/px4io-v2/NuttX/nuttx-export/libs/libnuttx.a(arch-stm32_dma.o)
                0x08006278                stm32_dmaresidual
 *fill*         0x0800627e        0x2 
 .text.stm32_gpioinit
                0x08006280       0x10 /home/azzathesis/ardupilot/build/px4-v2/modules/PX4Firmware/px4io-v2/NuttX/nuttx-export/libs/libnuttx.a(arch-stm32_gpio.o)
                0x08006280                stm32_gpioinit
 .text.stm32_configgpio
                0x08006290       0xc4 /home/azzathesis/ardupilot/build/px4-v2/modules/PX4Firmware/px4io-v2/NuttX/nuttx-export/libs/libnuttx.a(arch-stm32_gpio.o)
                0x08006290                stm32_configgpio
 .text.stm32_gpiowrite
                0x08006354       0x28 /home/azzathesis/ardupilot/build/px4-v2/modules/PX4Firmware/px4io-v2/NuttX/nuttx-export/libs/libnuttx.a(arch-stm32_gpio.o)
                0x08006354                stm32_gpiowrite
 .text.stm32_gpioread
                0x0800637c       0x2c /home/azzathesis/ardupilot/build/px4-v2/modules/PX4Firmware/px4io-v2/NuttX/nuttx-export/libs/libnuttx.a(arch-stm32_gpio.o)
                0x0800637c                stm32_gpioread
 .text.stm32_irqinfo
                0x080063a8       0x68 /home/azzathesis/ardupilot/build/px4-v2/modules/PX4Firmware/px4io-v2/NuttX/nuttx-export/libs/libnuttx.a(arch-stm32_irq.o)
 .text.up_irqinitialize
                0x08006410       0x68 /home/azzathesis/ardupilot/build/px4-v2/modules/PX4Firmware/px4io-v2/NuttX/nuttx-export/libs/libnuttx.a(arch-stm32_irq.o)
                0x08006410                up_irqinitialize
 .text.up_disable_irq
                0x08006478       0x1e /home/azzathesis/ardupilot/build/px4-v2/modules/PX4Firmware/px4io-v2/NuttX/nuttx-export/libs/libnuttx.a(arch-stm32_irq.o)
                0x08006478                up_disable_irq
 .text.up_enable_irq
                0x08006496       0x1c /home/azzathesis/ardupilot/build/px4-v2/modules/PX4Firmware/px4io-v2/NuttX/nuttx-export/libs/libnuttx.a(arch-stm32_irq.o)
                0x08006496                up_enable_irq
 .text.up_maskack_irq
                0x080064b2        0x4 /home/azzathesis/ardupilot/build/px4-v2/modules/PX4Firmware/px4io-v2/NuttX/nuttx-export/libs/libnuttx.a(arch-stm32_irq.o)
                0x080064b2                up_maskack_irq
 .text.up_restoreusartint
                0x080064b6       0x26 /home/azzathesis/ardupilot/build/px4-v2/modules/PX4Firmware/px4io-v2/NuttX/nuttx-export/libs/libnuttx.a(arch-stm32_serial.o)
 .text.up_set_format
                0x080064dc       0x72 /home/azzathesis/ardupilot/build/px4-v2/modules/PX4Firmware/px4io-v2/NuttX/nuttx-export/libs/libnuttx.a(arch-stm32_serial.o)
 .text.up_receive
                0x0800654e       0x16 /home/azzathesis/ardupilot/build/px4-v2/modules/PX4Firmware/px4io-v2/NuttX/nuttx-export/libs/libnuttx.a(arch-stm32_serial.o)
 .text.up_rxint
                0x08006564       0x2c /home/azzathesis/ardupilot/build/px4-v2/modules/PX4Firmware/px4io-v2/NuttX/nuttx-export/libs/libnuttx.a(arch-stm32_serial.o)
 .text.up_rxavailable
                0x08006590        0xc /home/azzathesis/ardupilot/build/px4-v2/modules/PX4Firmware/px4io-v2/NuttX/nuttx-export/libs/libnuttx.a(arch-stm32_serial.o)
 .text.up_dma_rxint
                0x0800659c        0x8 /home/azzathesis/ardupilot/build/px4-v2/modules/PX4Firmware/px4io-v2/NuttX/nuttx-export/libs/libnuttx.a(arch-stm32_serial.o)
 .text.up_send  0x080065a4        0x8 /home/azzathesis/ardupilot/build/px4-v2/modules/PX4Firmware/px4io-v2/NuttX/nuttx-export/libs/libnuttx.a(arch-stm32_serial.o)
 .text.up_txready
                0x080065ac        0xc /home/azzathesis/ardupilot/build/px4-v2/modules/PX4Firmware/px4io-v2/NuttX/nuttx-export/libs/libnuttx.a(arch-stm32_serial.o)
 .text.up_txint
                0x080065b8       0x38 /home/azzathesis/ardupilot/build/px4-v2/modules/PX4Firmware/px4io-v2/NuttX/nuttx-export/libs/libnuttx.a(arch-stm32_serial.o)
 .text.up_interrupt_common
                0x080065f0       0x4e /home/azzathesis/ardupilot/build/px4-v2/modules/PX4Firmware/px4io-v2/NuttX/nuttx-export/libs/libnuttx.a(arch-stm32_serial.o)
 *fill*         0x0800663e        0x2 
 .text.up_interrupt_usart3
                0x08006640        0xc /home/azzathesis/ardupilot/build/px4-v2/modules/PX4Firmware/px4io-v2/NuttX/nuttx-export/libs/libnuttx.a(arch-stm32_serial.o)
 .text.up_interrupt_usart2
                0x0800664c        0xc /home/azzathesis/ardupilot/build/px4-v2/modules/PX4Firmware/px4io-v2/NuttX/nuttx-export/libs/libnuttx.a(arch-stm32_serial.o)
 .text.up_interrupt_usart1
                0x08006658        0xc /home/azzathesis/ardupilot/build/px4-v2/modules/PX4Firmware/px4io-v2/NuttX/nuttx-export/libs/libnuttx.a(arch-stm32_serial.o)
 .text.up_dma_receive
                0x08006664       0x28 /home/azzathesis/ardupilot/build/px4-v2/modules/PX4Firmware/px4io-v2/NuttX/nuttx-export/libs/libnuttx.a(arch-stm32_serial.o)
 .text.up_ioctl
                0x0800668c       0xa0 /home/azzathesis/ardupilot/build/px4-v2/modules/PX4Firmware/px4io-v2/NuttX/nuttx-export/libs/libnuttx.a(arch-stm32_serial.o)
 .text.up_detach
                0x0800672c       0x1a /home/azzathesis/ardupilot/build/px4-v2/modules/PX4Firmware/px4io-v2/NuttX/nuttx-export/libs/libnuttx.a(arch-stm32_serial.o)
 .text.up_attach
                0x08006746       0x1e /home/azzathesis/ardupilot/build/px4-v2/modules/PX4Firmware/px4io-v2/NuttX/nuttx-export/libs/libnuttx.a(arch-stm32_serial.o)
 .text.up_setup
                0x08006764       0x58 /home/azzathesis/ardupilot/build/px4-v2/modules/PX4Firmware/px4io-v2/NuttX/nuttx-export/libs/libnuttx.a(arch-stm32_serial.o)
 .text.up_dma_setup
                0x080067bc       0x50 /home/azzathesis/ardupilot/build/px4-v2/modules/PX4Firmware/px4io-v2/NuttX/nuttx-export/libs/libnuttx.a(arch-stm32_serial.o)
 .text.up_shutdown
                0x0800680c       0x1c /home/azzathesis/ardupilot/build/px4-v2/modules/PX4Firmware/px4io-v2/NuttX/nuttx-export/libs/libnuttx.a(arch-stm32_serial.o)
 .text.up_dma_shutdown
                0x08006828       0x1a /home/azzathesis/ardupilot/build/px4-v2/modules/PX4Firmware/px4io-v2/NuttX/nuttx-export/libs/libnuttx.a(arch-stm32_serial.o)
 .text.up_dma_rxavailable
                0x08006842       0x18 /home/azzathesis/ardupilot/build/px4-v2/modules/PX4Firmware/px4io-v2/NuttX/nuttx-export/libs/libnuttx.a(arch-stm32_serial.o)
 .text.up_dma_rxcallback
                0x0800685a       0x1e /home/azzathesis/ardupilot/build/px4-v2/modules/PX4Firmware/px4io-v2/NuttX/nuttx-export/libs/libnuttx.a(arch-stm32_serial.o)
 .text.up_earlyserialinit
                0x08006878       0x34 /home/azzathesis/ardupilot/build/px4-v2/modules/PX4Firmware/px4io-v2/NuttX/nuttx-export/libs/libnuttx.a(arch-stm32_serial.o)
                0x08006878                up_earlyserialinit
 .text.up_serialinit
                0x080068ac       0x60 /home/azzathesis/ardupilot/build/px4-v2/modules/PX4Firmware/px4io-v2/NuttX/nuttx-export/libs/libnuttx.a(arch-stm32_serial.o)
                0x080068ac                up_serialinit
 .text.stm32_serial_dma_poll
                0x0800690c       0x34 /home/azzathesis/ardupilot/build/px4-v2/modules/PX4Firmware/px4io-v2/NuttX/nuttx-export/libs/libnuttx.a(arch-stm32_serial.o)
                0x0800690c                stm32_serial_dma_poll
 .text.up_putc  0x08006940       0x3c /home/azzathesis/ardupilot/build/px4-v2/modules/PX4Firmware/px4io-v2/NuttX/nuttx-export/libs/libnuttx.a(arch-stm32_serial.o)
                0x08006940                up_putc
 .text.__start  0x0800697c       0x54 /home/azzathesis/ardupilot/build/px4-v2/modules/PX4Firmware/px4io-v2/NuttX/nuttx-export/libs/libnuttx.a(arch-stm32_start.o)
                0x0800697c                __start
 .text.up_assert
                0x080069d0      0x144 /home/azzathesis/ardupilot/build/px4-v2/modules/PX4Firmware/px4io-v2/NuttX/nuttx-export/libs/libnuttx.a(arch-up_assert.o)
                0x080069d0                up_assert
 .text.up_hardfault
                0x08006b14       0x40 /home/azzathesis/ardupilot/build/px4-v2/modules/PX4Firmware/px4io-v2/NuttX/nuttx-export/libs/libnuttx.a(arch-up_hardfault.o)
                0x08006b14                up_hardfault
 .text.modifyreg32
                0x08006b54       0x1c /home/azzathesis/ardupilot/build/px4-v2/modules/PX4Firmware/px4io-v2/NuttX/nuttx-export/libs/libnuttx.a(arch-up_modifyreg32.o)
                0x08006b54                modifyreg32
 .text.up_svcall
                0x08006b70       0x34 /home/azzathesis/ardupilot/build/px4-v2/modules/PX4Firmware/px4io-v2/NuttX/nuttx-export/libs/libnuttx.a(arch-up_svcall.o)
                0x08006b70                up_svcall
 .text.up_systemreset
                0x08006ba4       0x1c /home/azzathesis/ardupilot/build/px4-v2/modules/PX4Firmware/px4io-v2/NuttX/nuttx-export/libs/libnuttx.a(arch-up_systemreset.o)
                0x08006ba4                up_systemreset
 .text.up_udelay
                0x08006bc0       0x64 /home/azzathesis/ardupilot/build/px4-v2/modules/PX4Firmware/px4io-v2/NuttX/nuttx-export/libs/libnuttx.a(arch-up_udelay.o)
                0x08006bc0                up_udelay
 .text.__cxa_atexit
                0x08006c24        0x4 /home/azzathesis/ardupilot/build/px4-v2/modules/PX4Firmware/px4io-v2/NuttX/nuttx-export/libs/libnuttx.a(cxx-libxx_cxa_atexit.o)
                0x08006c24                __cxa_atexit
 .text.__cxa_pure_virtual
                0x08006c28       0x10 /home/azzathesis/ardupilot/build/px4-v2/modules/PX4Firmware/px4io-v2/NuttX/nuttx-export/libs/libnuttx.a(cxx-libxx_cxapurevirtual.o)
                0x08006c28                __cxa_pure_virtual
 .text._ZdlPv   0x08006c38        0x4 /home/azzathesis/ardupilot/build/px4-v2/modules/PX4Firmware/px4io-v2/NuttX/nuttx-export/libs/libnuttx.a(cxx-libxx_delete.o)
                0x08006c38                operator delete(void*)
 .text.__aeabi_atexit
                0x08006c3c        0xa /home/azzathesis/ardupilot/build/px4-v2/modules/PX4Firmware/px4io-v2/NuttX/nuttx-export/libs/libnuttx.a(cxx-libxx_eabi_atexit.o)
                0x08006c3c                __aeabi_atexit
 .text._Znwj    0x08006c46        0xa /home/azzathesis/ardupilot/build/px4-v2/modules/PX4Firmware/px4io-v2/NuttX/nuttx-export/libs/libnuttx.a(cxx-libxx_new.o)
                0x08006c46                operator new(unsigned int)
 .text.ioctl    0x08006c50       0x48 /home/azzathesis/ardupilot/build/px4-v2/modules/PX4Firmware/px4io-v2/NuttX/nuttx-export/libs/libnuttx.a(fs-fs_ioctl.o)
                0x08006c50                ioctl
 .text.inode_checkflags
                0x08006c98       0x28 /home/azzathesis/ardupilot/build/px4-v2/modules/PX4Firmware/px4io-v2/NuttX/nuttx-export/libs/libnuttx.a(fs-fs_open.o)
                0x08006c98                inode_checkflags
 .text.open     0x08006cc0       0x90 /home/azzathesis/ardupilot/build/px4-v2/modules/PX4Firmware/px4io-v2/NuttX/nuttx-export/libs/libnuttx.a(fs-fs_open.o)
                0x08006cc0                open
 .text.read     0x08006d50       0x62 /home/azzathesis/ardupilot/build/px4-v2/modules/PX4Firmware/px4io-v2/NuttX/nuttx-export/libs/libnuttx.a(fs-fs_read.o)
                0x08006d50                read
 .text.write    0x08006db2       0x54 /home/azzathesis/ardupilot/build/px4-v2/modules/PX4Firmware/px4io-v2/NuttX/nuttx-export/libs/libnuttx.a(fs-fs_write.o)
                0x08006db2                write
 .text.uart_xmitchars
                0x08006e06       0x70 /home/azzathesis/ardupilot/build/px4-v2/modules/PX4Firmware/px4io-v2/NuttX/nuttx-export/libs/libnuttx.a(drivers-serialirq.o)
                0x08006e06                uart_xmitchars
 .text.uart_recvchars
                0x08006e76       0x5c /home/azzathesis/ardupilot/build/px4-v2/modules/PX4Firmware/px4io-v2/NuttX/nuttx-export/libs/libnuttx.a(drivers-serialirq.o)
                0x08006e76                uart_recvchars
 .text.uart_ioctl
                0x08006ed2       0xca /home/azzathesis/ardupilot/build/px4-v2/modules/PX4Firmware/px4io-v2/NuttX/nuttx-export/libs/libnuttx.a(drivers-serial.o)
 .text.uart_takesem
                0x08006f9c       0x30 /home/azzathesis/ardupilot/build/px4-v2/modules/PX4Firmware/px4io-v2/NuttX/nuttx-export/libs/libnuttx.a(drivers-serial.o)
 .text.uart_putxmitchar
                0x08006fcc       0x7e /home/azzathesis/ardupilot/build/px4-v2/modules/PX4Firmware/px4io-v2/NuttX/nuttx-export/libs/libnuttx.a(drivers-serial.o)
 .text.uart_write
                0x0800704a       0xe8 /home/azzathesis/ardupilot/build/px4-v2/modules/PX4Firmware/px4io-v2/NuttX/nuttx-export/libs/libnuttx.a(drivers-serial.o)
 .text.uart_read
                0x08007132       0xf4 /home/azzathesis/ardupilot/build/px4-v2/modules/PX4Firmware/px4io-v2/NuttX/nuttx-export/libs/libnuttx.a(drivers-serial.o)
 .text.uart_open
                0x08007226       0xa2 /home/azzathesis/ardupilot/build/px4-v2/modules/PX4Firmware/px4io-v2/NuttX/nuttx-export/libs/libnuttx.a(drivers-serial.o)
 .text.uart_close
                0x080072c8       0x7e /home/azzathesis/ardupilot/build/px4-v2/modules/PX4Firmware/px4io-v2/NuttX/nuttx-export/libs/libnuttx.a(drivers-serial.o)
 *fill*         0x08007346        0x2 
 .text.uart_register
                0x08007348       0x54 /home/azzathesis/ardupilot/build/px4-v2/modules/PX4Firmware/px4io-v2/NuttX/nuttx-export/libs/libnuttx.a(drivers-serial.o)
                0x08007348                uart_register
 .text.uart_datareceived
                0x0800739c       0x10 /home/azzathesis/ardupilot/build/px4-v2/modules/PX4Firmware/px4io-v2/NuttX/nuttx-export/libs/libnuttx.a(drivers-serial.o)
                0x0800739c                uart_datareceived
 .text.uart_datasent
                0x080073ac       0x10 /home/azzathesis/ardupilot/build/px4-v2/modules/PX4Firmware/px4io-v2/NuttX/nuttx-export/libs/libnuttx.a(drivers-serial.o)
                0x080073ac                uart_datasent
 .text.get_errno_ptr
                0x080073bc       0x24 /home/azzathesis/ardupilot/build/px4-v2/modules/PX4Firmware/px4io-v2/NuttX/nuttx-export/libs/libnuttx.a(sched-errno_getptr.o)
                0x080073bc                get_errno_ptr
 .text.exit     0x080073e0       0x1c /home/azzathesis/ardupilot/build/px4-v2/modules/PX4Firmware/px4io-v2/NuttX/nuttx-export/libs/libnuttx.a(sched-exit.o)
                0x080073e0                exit
 .text.getpid   0x080073fc       0x10 /home/azzathesis/ardupilot/build/px4-v2/modules/PX4Firmware/px4io-v2/NuttX/nuttx-export/libs/libnuttx.a(sched-getpid.o)
                0x080073fc                getpid
 .text.os_start
                0x0800740c      0x12c /home/azzathesis/ardupilot/build/px4-v2/modules/PX4Firmware/px4io-v2/NuttX/nuttx-export/libs/libnuttx.a(sched-os_start.o)
                0x0800740c                os_start
 .text.sched_garbagecollection
                0x08007538       0x2c /home/azzathesis/ardupilot/build/px4-v2/modules/PX4Firmware/px4io-v2/NuttX/nuttx-export/libs/libnuttx.a(sched-sched_garbage.o)
                0x08007538                sched_garbagecollection
 .text.sched_getfiles
                0x08007564       0x10 /home/azzathesis/ardupilot/build/px4-v2/modules/PX4Firmware/px4io-v2/NuttX/nuttx-export/libs/libnuttx.a(sched-sched_getfiles.o)
                0x08007564                sched_getfiles
 .text.sem_post
                0x08007574       0x58 /home/azzathesis/ardupilot/build/px4-v2/modules/PX4Firmware/px4io-v2/NuttX/nuttx-export/libs/libnuttx.a(sched-sem_post.o)
                0x08007574                sem_post
 .text.sem_trywait
                0x080075cc       0x4c /home/azzathesis/ardupilot/build/px4-v2/modules/PX4Firmware/px4io-v2/NuttX/nuttx-export/libs/libnuttx.a(sched-sem_trywait.o)
                0x080075cc                sem_trywait
 .text.sem_wait
                0x08007618       0x84 /home/azzathesis/ardupilot/build/px4-v2/modules/PX4Firmware/px4io-v2/NuttX/nuttx-export/libs/libnuttx.a(sched-sem_wait.o)
                0x08007618                sem_wait
 .text.task_exithook
                0x0800769c       0x1e /home/azzathesis/ardupilot/build/px4-v2/modules/PX4Firmware/px4io-v2/NuttX/nuttx-export/libs/libnuttx.a(sched-task_exithook.o)
                0x0800769c                task_exithook
 .text.task_recover
                0x080076ba       0x26 /home/azzathesis/ardupilot/build/px4-v2/modules/PX4Firmware/px4io-v2/NuttX/nuttx-export/libs/libnuttx.a(sched-task_recover.o)
                0x080076ba                task_recover
 .text.wd_cancel
                0x080076e0       0x64 /home/azzathesis/ardupilot/build/px4-v2/modules/PX4Firmware/px4io-v2/NuttX/nuttx-export/libs/libnuttx.a(sched-wd_cancel.o)
                0x080076e0                wd_cancel
 .text.wd_delete
                0x08007744       0x3c /home/azzathesis/ardupilot/build/px4-v2/modules/PX4Firmware/px4io-v2/NuttX/nuttx-export/libs/libnuttx.a(sched-wd_delete.o)
                0x08007744                wd_delete
 .text.wd_initialize
                0x08007780       0x44 /home/azzathesis/ardupilot/build/px4-v2/modules/PX4Firmware/px4io-v2/NuttX/nuttx-export/libs/libnuttx.a(sched-wd_initialize.o)
                0x08007780                wd_initialize
 .text.dq_addfirst
                0x080077c4       0x18 /home/azzathesis/ardupilot/build/px4-v2/modules/PX4Firmware/px4io-v2/NuttX/nuttx-export/libs/libnuttx.a(c-dq_addfirst.o)
                0x080077c4                dq_addfirst
 .text.cfgetspeed
                0x080077dc        0x4 /home/azzathesis/ardupilot/build/px4-v2/modules/PX4Firmware/px4io-v2/NuttX/nuttx-export/libs/libnuttx.a(c-lib_cfgetspeed.o)
                0x080077dc                cfgetspeed
 .text.lib_checkbase
                0x080077e0       0x52 /home/azzathesis/ardupilot/build/px4-v2/modules/PX4Firmware/px4io-v2/NuttX/nuttx-export/libs/libnuttx.a(c-lib_checkbase.o)
                0x080077e0                lib_checkbase
 .text.lib_isbasedigit
                0x08007832       0x4e /home/azzathesis/ardupilot/build/px4-v2/modules/PX4Firmware/px4io-v2/NuttX/nuttx-export/libs/libnuttx.a(c-lib_isbasedigit.o)
                0x08007832                lib_isbasedigit
 .text.utodec   0x08007880       0x24 /home/azzathesis/ardupilot/build/px4-v2/modules/PX4Firmware/px4io-v2/NuttX/nuttx-export/libs/libnuttx.a(c-lib_libvsprintf.o)
 .text.utooct   0x080078a4       0x1e /home/azzathesis/ardupilot/build/px4-v2/modules/PX4Firmware/px4io-v2/NuttX/nuttx-export/libs/libnuttx.a(c-lib_libvsprintf.o)
 .text.utobin   0x080078c2       0x1e /home/azzathesis/ardupilot/build/px4-v2/modules/PX4Firmware/px4io-v2/NuttX/nuttx-export/libs/libnuttx.a(c-lib_libvsprintf.o)
 .text.llutodec
                0x080078e0       0x42 /home/azzathesis/ardupilot/build/px4-v2/modules/PX4Firmware/px4io-v2/NuttX/nuttx-export/libs/libnuttx.a(c-lib_libvsprintf.o)
 .text.llutooct
                0x08007922       0x2e /home/azzathesis/ardupilot/build/px4-v2/modules/PX4Firmware/px4io-v2/NuttX/nuttx-export/libs/libnuttx.a(c-lib_libvsprintf.o)
 .text.llutobin
                0x08007950       0x26 /home/azzathesis/ardupilot/build/px4-v2/modules/PX4Firmware/px4io-v2/NuttX/nuttx-export/libs/libnuttx.a(c-lib_libvsprintf.o)
 .text.prejustify
                0x08007976       0x8a /home/azzathesis/ardupilot/build/px4-v2/modules/PX4Firmware/px4io-v2/NuttX/nuttx-export/libs/libnuttx.a(c-lib_libvsprintf.o)
 .text.utohex   0x08007a00       0x4c /home/azzathesis/ardupilot/build/px4-v2/modules/PX4Firmware/px4io-v2/NuttX/nuttx-export/libs/libnuttx.a(c-lib_libvsprintf.o)
 .text.utoascii
                0x08007a4c       0x88 /home/azzathesis/ardupilot/build/px4-v2/modules/PX4Firmware/px4io-v2/NuttX/nuttx-export/libs/libnuttx.a(c-lib_libvsprintf.o)
 .text.llutohex
                0x08007ad4       0x5c /home/azzathesis/ardupilot/build/px4-v2/modules/PX4Firmware/px4io-v2/NuttX/nuttx-export/libs/libnuttx.a(c-lib_libvsprintf.o)
 .text.llutoascii
                0x08007b30       0x92 /home/azzathesis/ardupilot/build/px4-v2/modules/PX4Firmware/px4io-v2/NuttX/nuttx-export/libs/libnuttx.a(c-lib_libvsprintf.o)
 .text.postjustify
                0x08007bc2       0x26 /home/azzathesis/ardupilot/build/px4-v2/modules/PX4Firmware/px4io-v2/NuttX/nuttx-export/libs/libnuttx.a(c-lib_libvsprintf.o)
 .text.lib_vsprintf
                0x08007be8      0x2ac /home/azzathesis/ardupilot/build/px4-v2/modules/PX4Firmware/px4io-v2/NuttX/nuttx-export/libs/libnuttx.a(c-lib_libvsprintf.o)
                0x08007be8                lib_vsprintf
 .text.lowoutstream_putc
                0x08007e94       0x16 /home/azzathesis/ardupilot/build/px4-v2/modules/PX4Firmware/px4io-v2/NuttX/nuttx-export/libs/libnuttx.a(c-lib_lowoutstream.o)
 *fill*         0x08007eaa        0x2 
 .text.lib_lowoutstream
                0x08007eac       0x10 /home/azzathesis/ardupilot/build/px4-v2/modules/PX4Firmware/px4io-v2/NuttX/nuttx-export/libs/libnuttx.a(c-lib_lowoutstream.o)
                0x08007eac                lib_lowoutstream
 .text.memoutstream_putc
                0x08007ebc       0x1a /home/azzathesis/ardupilot/build/px4-v2/modules/PX4Firmware/px4io-v2/NuttX/nuttx-export/libs/libnuttx.a(c-lib_memoutstream.o)
 *fill*         0x08007ed6        0x2 
 .text.lib_memoutstream
                0x08007ed8       0x18 /home/azzathesis/ardupilot/build/px4-v2/modules/PX4Firmware/px4io-v2/NuttX/nuttx-export/libs/libnuttx.a(c-lib_memoutstream.o)
                0x08007ed8                lib_memoutstream
 .text.nulloutstream_putc
                0x08007ef0        0x8 /home/azzathesis/ardupilot/build/px4-v2/modules/PX4Firmware/px4io-v2/NuttX/nuttx-export/libs/libnuttx.a(c-lib_nulloutstream.o)
 .text.lib_nulloutstream
                0x08007ef8       0x10 /home/azzathesis/ardupilot/build/px4-v2/modules/PX4Firmware/px4io-v2/NuttX/nuttx-export/libs/libnuttx.a(c-lib_nulloutstream.o)
                0x08007ef8                lib_nulloutstream
 .text.rawoutstream_putc
                0x08007f08       0x2e /home/azzathesis/ardupilot/build/px4-v2/modules/PX4Firmware/px4io-v2/NuttX/nuttx-export/libs/libnuttx.a(c-lib_rawoutstream.o)
 *fill*         0x08007f36        0x2 
 .text.lib_rawoutstream
                0x08007f38       0x10 /home/azzathesis/ardupilot/build/px4-v2/modules/PX4Firmware/px4io-v2/NuttX/nuttx-export/libs/libnuttx.a(c-lib_rawoutstream.o)
                0x08007f38                lib_rawoutstream
 .text.lib_skipspace
                0x08007f48       0x16 /home/azzathesis/ardupilot/build/px4-v2/modules/PX4Firmware/px4io-v2/NuttX/nuttx-export/libs/libnuttx.a(c-lib_skipspace.o)
                0x08007f48                lib_skipspace
 .text.strcpy   0x08007f5e       0x10 /home/azzathesis/ardupilot/build/px4-v2/modules/PX4Firmware/px4io-v2/NuttX/nuttx-export/libs/libnuttx.a(c-lib_strcpy.o)
                0x08007f5e                strcpy
 .text.strlen   0x08007f6e       0x10 /home/azzathesis/ardupilot/build/px4-v2/modules/PX4Firmware/px4io-v2/NuttX/nuttx-export/libs/libnuttx.a(c-lib_strlen.o)
                0x08007f6e                strlen
 .text.sem_init
                0x08007f7e       0x1e /home/azzathesis/ardupilot/build/px4-v2/modules/PX4Firmware/px4io-v2/NuttX/nuttx-export/libs/libnuttx.a(c-sem_init.o)
                0x08007f7e                sem_init
 .text.sq_remafter
                0x08007f9c       0x22 /home/azzathesis/ardupilot/build/px4-v2/modules/PX4Firmware/px4io-v2/NuttX/nuttx-export/libs/libnuttx.a(c-sq_remafter.o)
                0x08007f9c                sq_remafter
 .text.sq_remfirst
                0x08007fbe       0x14 /home/azzathesis/ardupilot/build/px4-v2/modules/PX4Firmware/px4io-v2/NuttX/nuttx-export/libs/libnuttx.a(c-sq_remfirst.o)
                0x08007fbe                sq_remfirst
 .text.mm_addfreechunk
                0x08007fd2       0x36 /home/azzathesis/ardupilot/build/px4-v2/modules/PX4Firmware/px4io-v2/NuttX/nuttx-export/libs/libnuttx.a(mm-mm_addfreechunk.o)
                0x08007fd2                mm_addfreechunk
 .text.mm_addregion
                0x08008008       0x50 /home/azzathesis/ardupilot/build/px4-v2/modules/PX4Firmware/px4io-v2/NuttX/nuttx-export/libs/libnuttx.a(mm-mm_initialize.o)
                0x08008008                mm_addregion
 .text.mm_initialize
                0x08008058       0x40 /home/azzathesis/ardupilot/build/px4-v2/modules/PX4Firmware/px4io-v2/NuttX/nuttx-export/libs/libnuttx.a(mm-mm_initialize.o)
                0x08008058                mm_initialize
 .text.up_allocate_heap
                0x08008098       0x14 /home/azzathesis/ardupilot/build/px4-v2/modules/PX4Firmware/px4io-v2/NuttX/nuttx-export/libs/libnuttx.a(arch-stm32_allocateheap.o)
                0x08008098                up_allocate_heap
 .text.up_idle  0x080080ac        0x4 /home/azzathesis/ardupilot/build/px4-v2/modules/PX4Firmware/px4io-v2/NuttX/nuttx-export/libs/libnuttx.a(arch-stm32_idle.o)
                0x080080ac                up_idle
 .text.up_lowputc
                0x080080b0       0x18 /home/azzathesis/ardupilot/build/px4-v2/modules/PX4Firmware/px4io-v2/NuttX/nuttx-export/libs/libnuttx.a(arch-stm32_lowputc.o)
                0x080080b0                up_lowputc
 .text.stm32_lowsetup
                0x080080c8       0x6c /home/azzathesis/ardupilot/build/px4-v2/modules/PX4Firmware/px4io-v2/NuttX/nuttx-export/libs/libnuttx.a(arch-stm32_lowputc.o)
                0x080080c8                stm32_lowsetup
 .text.stm32_clockconfig
                0x08008134       0xe8 /home/azzathesis/ardupilot/build/px4-v2/modules/PX4Firmware/px4io-v2/NuttX/nuttx-export/libs/libnuttx.a(arch-stm32_rcc.o)
                0x08008134                stm32_clockconfig
 .text.up_block_task
                0x0800821c       0x74 /home/azzathesis/ardupilot/build/px4-v2/modules/PX4Firmware/px4io-v2/NuttX/nuttx-export/libs/libnuttx.a(arch-up_blocktask.o)
                0x0800821c                up_block_task
 .text.up_copystate
                0x08008290       0x16 /home/azzathesis/ardupilot/build/px4-v2/modules/PX4Firmware/px4io-v2/NuttX/nuttx-export/libs/libnuttx.a(arch-up_copystate.o)
                0x08008290                up_copystate
 .text          0x080082a6       0x5e /home/azzathesis/ardupilot/build/px4-v2/modules/PX4Firmware/px4io-v2/NuttX/nuttx-export/libs/libnuttx.a(arch-up_exception.o)
                0x080082a6                exception_common
 .text._exit    0x08008304       0x1c /home/azzathesis/ardupilot/build/px4-v2/modules/PX4Firmware/px4io-v2/NuttX/nuttx-export/libs/libnuttx.a(arch-up_exit.o)
                0x08008304                _exit
 .text          0x08008320        0xa /home/azzathesis/ardupilot/build/px4-v2/modules/PX4Firmware/px4io-v2/NuttX/nuttx-export/libs/libnuttx.a(arch-up_fullcontextrestore.o)
                0x08008320                up_fullcontextrestore
 *fill*         0x0800832a        0x2 
 .text.up_initialize
                0x0800832c       0x28 /home/azzathesis/ardupilot/build/px4-v2/modules/PX4Firmware/px4io-v2/NuttX/nuttx-export/libs/libnuttx.a(arch-up_initialize.o)
                0x0800832c                up_initialize
 .text.up_initial_state
                0x08008354       0x34 /home/azzathesis/ardupilot/build/px4-v2/modules/PX4Firmware/px4io-v2/NuttX/nuttx-export/libs/libnuttx.a(arch-up_initialstate.o)
                0x08008354                up_initial_state
 .text.up_interrupt_context
                0x08008388       0x10 /home/azzathesis/ardupilot/build/px4-v2/modules/PX4Firmware/px4io-v2/NuttX/nuttx-export/libs/libnuttx.a(arch-up_interruptcontext.o)
                0x08008388                up_interrupt_context
 .text.up_mdelay
                0x08008398       0x28 /home/azzathesis/ardupilot/build/px4-v2/modules/PX4Firmware/px4io-v2/NuttX/nuttx-export/libs/libnuttx.a(arch-up_mdelay.o)
                0x08008398                up_mdelay
 .text          0x080083c0        0xc /home/azzathesis/ardupilot/build/px4-v2/modules/PX4Firmware/px4io-v2/NuttX/nuttx-export/libs/libnuttx.a(arch-up_switchcontext.o)
                0x080083c0                up_switchcontext
 .text.up_unblock_task
                0x080083cc       0x54 /home/azzathesis/ardupilot/build/px4-v2/modules/PX4Firmware/px4io-v2/NuttX/nuttx-export/libs/libnuttx.a(arch-up_unblocktask.o)
                0x080083cc                up_unblock_task
 .text._files_close
                0x08008420       0x2a /home/azzathesis/ardupilot/build/px4-v2/modules/PX4Firmware/px4io-v2/NuttX/nuttx-export/libs/libnuttx.a(fs-fs_files.o)
 *fill*         0x0800844a        0x2 
 .text._files_semtake
                0x0800844c       0x24 /home/azzathesis/ardupilot/build/px4-v2/modules/PX4Firmware/px4io-v2/NuttX/nuttx-export/libs/libnuttx.a(fs-fs_files.o)
 .text.files_initialize
                0x08008470        0x2 /home/azzathesis/ardupilot/build/px4-v2/modules/PX4Firmware/px4io-v2/NuttX/nuttx-export/libs/libnuttx.a(fs-fs_files.o)
                0x08008470                files_initialize
 .text.files_initlist
                0x08008472        0x8 /home/azzathesis/ardupilot/build/px4-v2/modules/PX4Firmware/px4io-v2/NuttX/nuttx-export/libs/libnuttx.a(fs-fs_files.o)
                0x08008472                files_initlist
 .text.files_releaselist
                0x0800847a       0x20 /home/azzathesis/ardupilot/build/px4-v2/modules/PX4Firmware/px4io-v2/NuttX/nuttx-export/libs/libnuttx.a(fs-fs_files.o)
                0x0800847a                files_releaselist
 .text.files_dup
                0x0800849a       0x80 /home/azzathesis/ardupilot/build/px4-v2/modules/PX4Firmware/px4io-v2/NuttX/nuttx-export/libs/libnuttx.a(fs-fs_files.o)
                0x0800849a                files_dup
 .text.files_allocate
                0x0800851a       0x56 /home/azzathesis/ardupilot/build/px4-v2/modules/PX4Firmware/px4io-v2/NuttX/nuttx-export/libs/libnuttx.a(fs-fs_files.o)
                0x0800851a                files_allocate
 .text.files_close
                0x08008570       0x3a /home/azzathesis/ardupilot/build/px4-v2/modules/PX4Firmware/px4io-v2/NuttX/nuttx-export/libs/libnuttx.a(fs-fs_files.o)
                0x08008570                files_close
 .text.files_release
                0x080085aa       0x2e /home/azzathesis/ardupilot/build/px4-v2/modules/PX4Firmware/px4io-v2/NuttX/nuttx-export/libs/libnuttx.a(fs-fs_files.o)
                0x080085aa                files_release
 .text.inode_addref
                0x080085d8       0x1a /home/azzathesis/ardupilot/build/px4-v2/modules/PX4Firmware/px4io-v2/NuttX/nuttx-export/libs/libnuttx.a(fs-fs_inodeaddref.o)
                0x080085d8                inode_addref
 .text.inode_find
                0x080085f2       0x34 /home/azzathesis/ardupilot/build/px4-v2/modules/PX4Firmware/px4io-v2/NuttX/nuttx-export/libs/libnuttx.a(fs-fs_inodefind.o)
                0x080085f2                inode_find
 *fill*         0x08008626        0x2 
 .text.fs_initialize
                0x08008628       0x20 /home/azzathesis/ardupilot/build/px4-v2/modules/PX4Firmware/px4io-v2/NuttX/nuttx-export/libs/libnuttx.a(fs-fs_inode.o)
                0x08008628                fs_initialize
 .text.inode_semtake
                0x08008648       0x28 /home/azzathesis/ardupilot/build/px4-v2/modules/PX4Firmware/px4io-v2/NuttX/nuttx-export/libs/libnuttx.a(fs-fs_inode.o)
                0x08008648                inode_semtake
 .text.inode_semgive
                0x08008670        0xc /home/azzathesis/ardupilot/build/px4-v2/modules/PX4Firmware/px4io-v2/NuttX/nuttx-export/libs/libnuttx.a(fs-fs_inode.o)
                0x08008670                inode_semgive
 .text.inode_free
                0x0800867c       0x1e /home/azzathesis/ardupilot/build/px4-v2/modules/PX4Firmware/px4io-v2/NuttX/nuttx-export/libs/libnuttx.a(fs-fs_inode.o)
                0x0800867c                inode_free
 .text.inode_nextname
                0x0800869a       0x12 /home/azzathesis/ardupilot/build/px4-v2/modules/PX4Firmware/px4io-v2/NuttX/nuttx-export/libs/libnuttx.a(fs-fs_inode.o)
                0x0800869a                inode_nextname
 .text.inode_search
                0x080086ac       0xa4 /home/azzathesis/ardupilot/build/px4-v2/modules/PX4Firmware/px4io-v2/NuttX/nuttx-export/libs/libnuttx.a(fs-fs_inode.o)
                0x080086ac                inode_search
 .text.inode_release
                0x08008750       0x3e /home/azzathesis/ardupilot/build/px4-v2/modules/PX4Firmware/px4io-v2/NuttX/nuttx-export/libs/libnuttx.a(fs-fs_inoderelease.o)
                0x08008750                inode_release
 .text.register_driver
                0x0800878e       0x32 /home/azzathesis/ardupilot/build/px4-v2/modules/PX4Firmware/px4io-v2/NuttX/nuttx-export/libs/libnuttx.a(fs-fs_registerdriver.o)
                0x0800878e                register_driver
 .text.group_allocate
                0x080087c0       0x18 /home/azzathesis/ardupilot/build/px4-v2/modules/PX4Firmware/px4io-v2/NuttX/nuttx-export/libs/libnuttx.a(sched-group_create.o)
                0x080087c0                group_allocate
 .text.group_initialize
                0x080087d8        0xa /home/azzathesis/ardupilot/build/px4-v2/modules/PX4Firmware/px4io-v2/NuttX/nuttx-export/libs/libnuttx.a(sched-group_create.o)
                0x080087d8                group_initialize
 .text.group_leave
                0x080087e2       0x26 /home/azzathesis/ardupilot/build/px4-v2/modules/PX4Firmware/px4io-v2/NuttX/nuttx-export/libs/libnuttx.a(sched-group_leave.o)
                0x080087e2                group_leave
 .text.group_setupidlefiles
                0x08008808       0x38 /home/azzathesis/ardupilot/build/px4-v2/modules/PX4Firmware/px4io-v2/NuttX/nuttx-export/libs/libnuttx.a(sched-group_setupidlefiles.o)
                0x08008808                group_setupidlefiles
 .text.os_bringup
                0x08008840       0x34 /home/azzathesis/ardupilot/build/px4-v2/modules/PX4Firmware/px4io-v2/NuttX/nuttx-export/libs/libnuttx.a(sched-os_bringup.o)
                0x08008840                os_bringup
 .text.sched_addblocked
                0x08008874       0x38 /home/azzathesis/ardupilot/build/px4-v2/modules/PX4Firmware/px4io-v2/NuttX/nuttx-export/libs/libnuttx.a(sched-sched_addblocked.o)
                0x08008874                sched_addblocked
 .text.sched_addprioritized
                0x080088ac       0x54 /home/azzathesis/ardupilot/build/px4-v2/modules/PX4Firmware/px4io-v2/NuttX/nuttx-export/libs/libnuttx.a(sched-sched_addprioritized.o)
                0x080088ac                sched_addprioritized
 .text.sched_addreadytorun
                0x08008900       0x60 /home/azzathesis/ardupilot/build/px4-v2/modules/PX4Firmware/px4io-v2/NuttX/nuttx-export/libs/libnuttx.a(sched-sched_addreadytorun.o)
                0x08008900                sched_addreadytorun
 .text.sched_ufree
                0x08008960       0x3c /home/azzathesis/ardupilot/build/px4-v2/modules/PX4Firmware/px4io-v2/NuttX/nuttx-export/libs/libnuttx.a(sched-sched_free.o)
                0x08008960                sched_ufree
 .text.sched_mergepending
                0x0800899c       0x64 /home/azzathesis/ardupilot/build/px4-v2/modules/PX4Firmware/px4io-v2/NuttX/nuttx-export/libs/libnuttx.a(sched-sched_mergepending.o)
                0x0800899c                sched_mergepending
 .text.sched_removeblocked
                0x08008a00       0x2c /home/azzathesis/ardupilot/build/px4-v2/modules/PX4Firmware/px4io-v2/NuttX/nuttx-export/libs/libnuttx.a(sched-sched_removeblocked.o)
                0x08008a00                sched_removeblocked
 .text.sched_removereadytorun
                0x08008a2c       0x38 /home/azzathesis/ardupilot/build/px4-v2/modules/PX4Firmware/px4io-v2/NuttX/nuttx-export/libs/libnuttx.a(sched-sched_removereadytorun.o)
                0x08008a2c                sched_removereadytorun
 .text.sem_destroy
                0x08008a64       0x26 /home/azzathesis/ardupilot/build/px4-v2/modules/PX4Firmware/px4io-v2/NuttX/nuttx-export/libs/libnuttx.a(sched-sem_destroy.o)
                0x08008a64                sem_destroy
 *fill*         0x08008a8a        0x2 
 .text.thread_create
                0x08008a8c       0xa8 /home/azzathesis/ardupilot/build/px4-v2/modules/PX4Firmware/px4io-v2/NuttX/nuttx-export/libs/libnuttx.a(sched-task_create.o)
 .text.task_create
                0x08008b34       0x1a /home/azzathesis/ardupilot/build/px4-v2/modules/PX4Firmware/px4io-v2/NuttX/nuttx-export/libs/libnuttx.a(sched-task_create.o)
                0x08008b34                task_create
 *fill*         0x08008b4e        0x2 
 .text.task_exit
                0x08008b50       0x4c /home/azzathesis/ardupilot/build/px4-v2/modules/PX4Firmware/px4io-v2/NuttX/nuttx-export/libs/libnuttx.a(sched-task_exit.o)
                0x08008b50                task_exit
 .text.task_schedsetup
                0x08008b9c       0xa4 /home/azzathesis/ardupilot/build/px4-v2/modules/PX4Firmware/px4io-v2/NuttX/nuttx-export/libs/libnuttx.a(sched-task_setup.o)
                0x08008b9c                task_schedsetup
 .text.task_argsetup
                0x08008c40       0x5c /home/azzathesis/ardupilot/build/px4-v2/modules/PX4Firmware/px4io-v2/NuttX/nuttx-export/libs/libnuttx.a(sched-task_setup.o)
                0x08008c40                task_argsetup
 .text.task_start
                0x08008c9c       0x28 /home/azzathesis/ardupilot/build/px4-v2/modules/PX4Firmware/px4io-v2/NuttX/nuttx-export/libs/libnuttx.a(sched-task_start.o)
                0x08008c9c                task_start
 .text.task_terminate
                0x08008cc4       0x78 /home/azzathesis/ardupilot/build/px4-v2/modules/PX4Firmware/px4io-v2/NuttX/nuttx-export/libs/libnuttx.a(sched-task_terminate.o)
                0x08008cc4                task_terminate
 .text.dq_addlast
                0x08008d3c       0x18 /home/azzathesis/ardupilot/build/px4-v2/modules/PX4Firmware/px4io-v2/NuttX/nuttx-export/libs/libnuttx.a(c-dq_addlast.o)
                0x08008d3c                dq_addlast
 .text.dq_rem   0x08008d54       0x1c /home/azzathesis/ardupilot/build/px4-v2/modules/PX4Firmware/px4io-v2/NuttX/nuttx-export/libs/libnuttx.a(c-dq_rem.o)
                0x08008d54                dq_rem
 .text.strdup   0x08008d70       0x1c /home/azzathesis/ardupilot/build/px4-v2/modules/PX4Firmware/px4io-v2/NuttX/nuttx-export/libs/libnuttx.a(c-lib_strdup.o)
                0x08008d70                strdup
 .text.up_timerisr
                0x08008d8c        0xa /home/azzathesis/ardupilot/build/px4-v2/modules/PX4Firmware/px4io-v2/NuttX/nuttx-export/libs/libnuttx.a(arch-stm32_timerisr.o)
                0x08008d8c                up_timerisr
 *fill*         0x08008d96        0x2 
 .text.up_timerinit
                0x08008d98       0x40 /home/azzathesis/ardupilot/build/px4-v2/modules/PX4Firmware/px4io-v2/NuttX/nuttx-export/libs/libnuttx.a(arch-stm32_timerisr.o)
                0x08008d98                up_timerinit
 .text.up_create_stack
                0x08008dd8       0x42 /home/azzathesis/ardupilot/build/px4-v2/modules/PX4Firmware/px4io-v2/NuttX/nuttx-export/libs/libnuttx.a(arch-up_createstack.o)
                0x08008dd8                up_create_stack
 *fill*         0x08008e1a        0x2 
 .text.up_doirq
                0x08008e1c       0x2c /home/azzathesis/ardupilot/build/px4-v2/modules/PX4Firmware/px4io-v2/NuttX/nuttx-export/libs/libnuttx.a(arch-up_doirq.o)
                0x08008e1c                up_doirq
 .text.up_release_stack
                0x08008e48       0x16 /home/azzathesis/ardupilot/build/px4-v2/modules/PX4Firmware/px4io-v2/NuttX/nuttx-export/libs/libnuttx.a(arch-up_releasestack.o)
                0x08008e48                up_release_stack
 .text.close    0x08008e5e       0x24 /home/azzathesis/ardupilot/build/px4-v2/modules/PX4Firmware/px4io-v2/NuttX/nuttx-export/libs/libnuttx.a(fs-fs_close.o)
                0x08008e5e                close
 .text.dup2     0x08008e82       0x4a /home/azzathesis/ardupilot/build/px4-v2/modules/PX4Firmware/px4io-v2/NuttX/nuttx-export/libs/libnuttx.a(fs-fs_filedup2.o)
                0x08008e82                dup2
 .text.inode_alloc
                0x08008ecc       0x3c /home/azzathesis/ardupilot/build/px4-v2/modules/PX4Firmware/px4io-v2/NuttX/nuttx-export/libs/libnuttx.a(fs-fs_inodereserve.o)
 .text.inode_reserve
                0x08008f08       0xa4 /home/azzathesis/ardupilot/build/px4-v2/modules/PX4Firmware/px4io-v2/NuttX/nuttx-export/libs/libnuttx.a(fs-fs_inodereserve.o)
                0x08008f08                inode_reserve
 .text.group_setuptaskfiles
                0x08008fac        0xe /home/azzathesis/ardupilot/build/px4-v2/modules/PX4Firmware/px4io-v2/NuttX/nuttx-export/libs/libnuttx.a(sched-group_setuptaskfiles.o)
                0x08008fac                group_setuptaskfiles
 *fill*         0x08008fba        0x2 
 .text.irq_dispatch
                0x08008fbc       0x20 /home/azzathesis/ardupilot/build/px4-v2/modules/PX4Firmware/px4io-v2/NuttX/nuttx-export/libs/libnuttx.a(sched-irq_dispatch.o)
                0x08008fbc                irq_dispatch
 .text.sched_gettcb
                0x08008fdc       0x24 /home/azzathesis/ardupilot/build/px4-v2/modules/PX4Firmware/px4io-v2/NuttX/nuttx-export/libs/libnuttx.a(sched-sched_gettcb.o)
                0x08008fdc                sched_gettcb
 .text.sched_lock
                0x08009000       0x30 /home/azzathesis/ardupilot/build/px4-v2/modules/PX4Firmware/px4io-v2/NuttX/nuttx-export/libs/libnuttx.a(sched-sched_lock.o)
                0x08009000                sched_lock
 .text.sched_process_timer
                0x08009030       0x1c /home/azzathesis/ardupilot/build/px4-v2/modules/PX4Firmware/px4io-v2/NuttX/nuttx-export/libs/libnuttx.a(sched-sched_processtimer.o)
                0x08009030                sched_process_timer
 .text.sched_releasetcb
                0x0800904c       0x54 /home/azzathesis/ardupilot/build/px4-v2/modules/PX4Firmware/px4io-v2/NuttX/nuttx-export/libs/libnuttx.a(sched-sched_releasetcb.o)
                0x0800904c                sched_releasetcb
 .text.sched_unlock
                0x080090a0       0x48 /home/azzathesis/ardupilot/build/px4-v2/modules/PX4Firmware/px4io-v2/NuttX/nuttx-export/libs/libnuttx.a(sched-sched_unlock.o)
                0x080090a0                sched_unlock
 .text.task_activate
                0x080090e8       0x18 /home/azzathesis/ardupilot/build/px4-v2/modules/PX4Firmware/px4io-v2/NuttX/nuttx-export/libs/libnuttx.a(sched-task_activate.o)
                0x080090e8                task_activate
 .text.up_release_pending
                0x08009100       0x38 /home/azzathesis/ardupilot/build/px4-v2/modules/PX4Firmware/px4io-v2/NuttX/nuttx-export/libs/libnuttx.a(arch-up_releasepending.o)
                0x08009100                up_release_pending
 .text.__fpclassifyf
                0x08009138       0x34 /opt/gcc-arm-none-eabi-4_9-2015q3/bin/../lib/gcc/arm-none-eabi/4.9.3/../../../../arm-none-eabi/lib/armv7-m/libm.a(lib_a-sf_fpclassify.o)
                0x08009138                __fpclassifyf
 .text          0x0800916c       0x18 /opt/gcc-arm-none-eabi-4_9-2015q3/bin/../lib/gcc/arm-none-eabi/4.9.3/armv7-m/libgcc.a(_lshrdi3.o)
                0x0800916c                __aeabi_llsr
                0x0800916c                __lshrdi3
 .text          0x08009184      0x21c /opt/gcc-arm-none-eabi-4_9-2015q3/bin/../lib/gcc/arm-none-eabi/4.9.3/armv7-m/libgcc.a(_arm_addsubsf3.o)
                0x08009184                __aeabi_frsub
                0x0800918c                __subsf3
                0x0800918c                __aeabi_fsub
                0x08009190                __aeabi_fadd
                0x08009190                __addsf3
                0x080092f0                __aeabi_ui2f
                0x080092f0                __floatunsisf
                0x080092f8                __aeabi_i2f
                0x080092f8                __floatsisf
                0x08009314                __floatundisf
                0x08009314                __aeabi_ul2f
                0x08009324                __floatdisf
                0x08009324                __aeabi_l2f
 .text          0x080093a0      0x2a0 /opt/gcc-arm-none-eabi-4_9-2015q3/bin/../lib/gcc/arm-none-eabi/4.9.3/armv7-m/libgcc.a(_arm_muldivsf3.o)
                0x080093a0                __mulsf3
                0x080093a0                __aeabi_fmul
                0x08009508                __divsf3
                0x08009508                __aeabi_fdiv
 .text          0x08009640       0xec /opt/gcc-arm-none-eabi-4_9-2015q3/bin/../lib/gcc/arm-none-eabi/4.9.3/armv7-m/libgcc.a(_arm_cmpsf2.o)
                0x08009640                __gtsf2
                0x08009640                __gesf2
                0x08009648                __lesf2
                0x08009648                __ltsf2
                0x08009650                __nesf2
                0x08009650                __eqsf2
                0x08009650                __cmpsf2
                0x080096b0                __aeabi_cfrcmple
                0x080096b8                __aeabi_cfcmple
                0x080096b8                __aeabi_cfcmpeq
                0x080096c8                __aeabi_fcmpeq
                0x080096dc                __aeabi_fcmplt
                0x080096f0                __aeabi_fcmple
                0x08009704                __aeabi_fcmpge
                0x08009718                __aeabi_fcmpgt
 .text          0x0800972c       0x4c /opt/gcc-arm-none-eabi-4_9-2015q3/bin/../lib/gcc/arm-none-eabi/4.9.3/armv7-m/libgcc.a(_arm_fixsfsi.o)
                0x0800972c                __fixsfsi
                0x0800972c                __aeabi_f2iz
 .text          0x08009778       0x40 /opt/gcc-arm-none-eabi-4_9-2015q3/bin/../lib/gcc/arm-none-eabi/4.9.3/armv7-m/libgcc.a(_arm_fixunssfsi.o)
                0x08009778                __aeabi_f2uiz
                0x08009778                __fixunssfsi
 .text          0x080097b8       0x30 /opt/gcc-arm-none-eabi-4_9-2015q3/bin/../lib/gcc/arm-none-eabi/4.9.3/armv7-m/libgcc.a(_aeabi_uldivmod.o)
                0x080097b8                __aeabi_uldivmod
 .text          0x080097e8       0x28 /opt/gcc-arm-none-eabi-4_9-2015q3/bin/../lib/gcc/arm-none-eabi/4.9.3/armv7-m/libgcc.a(_popcountsi2.o)
                0x080097e8                __popcountsi2
 .text          0x08009810       0x60 /opt/gcc-arm-none-eabi-4_9-2015q3/bin/../lib/gcc/arm-none-eabi/4.9.3/armv7-m/libgcc.a(bpabi.o)
                0x08009810                __gnu_ldivmod_helper
                0x08009840                __gnu_uldivmod_helper
 .text          0x08009870        0x4 /opt/gcc-arm-none-eabi-4_9-2015q3/bin/../lib/gcc/arm-none-eabi/4.9.3/armv7-m/libgcc.a(_dvmd_tls.o)
                0x08009870                __aeabi_ldiv0
                0x08009870                __aeabi_idiv0
 .text          0x08009874      0x2ac /opt/gcc-arm-none-eabi-4_9-2015q3/bin/../lib/gcc/arm-none-eabi/4.9.3/armv7-m/libgcc.a(_divdi3.o)
                0x08009874                __divdi3
 .text          0x08009b20      0x270 /opt/gcc-arm-none-eabi-4_9-2015q3/bin/../lib/gcc/arm-none-eabi/4.9.3/armv7-m/libgcc.a(_udivdi3.o)
                0x08009b20                __udivdi3
 *(.fixup)
 *(.gnu.warning)
 *(.rodata .rodata.*)
 .rodata.str1.1
                0x08009d90       0x16 CMakeFiles/px4io-v2.dir/controls.c.obj
 .rodata.str1.1
                0x08009da6       0x5f CMakeFiles/px4io-v2.dir/px4io.c.obj
                                 0x63 (size before relaxing)
 .rodata.str1.1
                0x08009e05       0x33 CMakeFiles/px4io-v2.dir/registers.c.obj
 .rodata.str1.1
                0x08009e38       0x58 CMakeFiles/px4io-v2.dir/mixer.cpp.obj
 .rodata._ZTV5Mixer
                0x08009e90       0x18 CMakeFiles/px4io-v2.dir/__/systemlib/mixer/mixer.cpp.obj
                0x08009e90                vtable for Mixer
 .rodata._ZTV9NullMixer
                0x08009ea8       0x18 CMakeFiles/px4io-v2.dir/__/systemlib/mixer/mixer.cpp.obj
                0x08009ea8                vtable for NullMixer
 .rodata._ZTV10MixerGroup
                0x08009ec0       0x18 CMakeFiles/px4io-v2.dir/__/systemlib/mixer/mixer_group.cpp.obj
                0x08009ec0                vtable for MixerGroup
 .rodata._ZTV11SimpleMixer
                0x08009ed8       0x18 CMakeFiles/px4io-v2.dir/__/systemlib/mixer/mixer_simple.cpp.obj
                0x08009ed8                vtable for SimpleMixer
 .rodata.str1.1
                0x08009ef0       0x35 CMakeFiles/px4io-v2.dir/__/systemlib/mixer/mixer_simple.cpp.obj
 .rodata.str1.1
                0x08009f25      0x238 CMakeFiles/px4io-v2.dir/__/__/lib/rc/sumd.c.obj
 .rodata.sbus_decoder
                0x0800a15d       0xc0 CMakeFiles/px4io-v2.dir/__/__/lib/rc/sbus.c.obj
 *fill*         0x0800a21d        0x3 
 .rodata.masks.6954
                0x0800a220       0x1c CMakeFiles/px4io-v2.dir/__/__/lib/rc/dsm.c.obj
 .rodata.latency_buckets
                0x0800a23c       0x10 CMakeFiles/px4io-v2.dir/__/__/drivers/stm32/drv_hrt.c.obj
                0x0800a23c                latency_buckets
 .rodata.io_timers
                0x0800a24c       0x80 CMakeFiles/px4io-v2.dir/__/__/drivers/boards/px4io-v2/px4io_timer_config.c.obj
                0x0800a24c                io_timers
 .rodata.timer_io_channels
                0x0800a2cc       0x80 CMakeFiles/px4io-v2.dir/__/__/drivers/boards/px4io-v2/px4io_timer_config.c.obj
                0x0800a2cc                timer_io_channels
 .rodata.crc8_tab
                0x0800a34c      0x100 CMakeFiles/px4io-v2.dir/serial.c.obj
 .rodata.str1.1
                0x0800a44c       0x14 /home/azzathesis/ardupilot/build/px4-v2/modules/PX4Firmware/px4io-v2/NuttX/nuttx-export/libs/libnuttx.a(sched-irq_unexpectedisr.o)
 .rodata.crc32_tab
                0x0800a460      0x400 /home/azzathesis/ardupilot/build/px4-v2/modules/PX4Firmware/px4io-v2/NuttX/nuttx-export/libs/libnuttx.a(c-lib_crc32.o)
 .rodata.str1.1
                0x0800a860       0x14 /home/azzathesis/ardupilot/build/px4-v2/modules/PX4Firmware/px4io-v2/NuttX/nuttx-export/libs/libnuttx.a(c-lib_sscanf.o)
 .rodata.spaces
                0x0800a874        0x7 /home/azzathesis/ardupilot/build/px4-v2/modules/PX4Firmware/px4io-v2/NuttX/nuttx-export/libs/libnuttx.a(c-lib_sscanf.o)
 .rodata.str1.1
                0x0800a87b        0x9 /home/azzathesis/ardupilot/build/px4-v2/modules/PX4Firmware/px4io-v2/NuttX/nuttx-export/libs/libnuttx.a(mm-mm_sem.o)
 .rodata.str1.1
                0x0800a884       0x17 /home/azzathesis/ardupilot/build/px4-v2/modules/PX4Firmware/px4io-v2/NuttX/nuttx-export/libs/libnuttx.a(arch-stm32_dma.o)
 *fill*         0x0800a89b        0x1 
 .rodata.g_gpiobase
                0x0800a89c       0x10 /home/azzathesis/ardupilot/build/px4-v2/modules/PX4Firmware/px4io-v2/NuttX/nuttx-export/libs/libnuttx.a(arch-stm32_gpio.o)
                0x0800a89c                g_gpiobase
 .rodata.str1.1
                0x0800a8ac       0x18 /home/azzathesis/ardupilot/build/px4-v2/modules/PX4Firmware/px4io-v2/NuttX/nuttx-export/libs/libnuttx.a(arch-stm32_serial.o)
                                 0x23 (size before relaxing)
 .rodata.uart_devs
                0x0800a8c4        0xc /home/azzathesis/ardupilot/build/px4-v2/modules/PX4Firmware/px4io-v2/NuttX/nuttx-export/libs/libnuttx.a(arch-stm32_serial.o)
 .rodata.g_uart_ops
                0x0800a8d0       0x34 /home/azzathesis/ardupilot/build/px4-v2/modules/PX4Firmware/px4io-v2/NuttX/nuttx-export/libs/libnuttx.a(arch-stm32_serial.o)
 .rodata.g_uart_dma_ops
                0x0800a904       0x34 /home/azzathesis/ardupilot/build/px4-v2/modules/PX4Firmware/px4io-v2/NuttX/nuttx-export/libs/libnuttx.a(arch-stm32_serial.o)
 .rodata.str1.1
                0x0800a938      0x160 /home/azzathesis/ardupilot/build/px4-v2/modules/PX4Firmware/px4io-v2/NuttX/nuttx-export/libs/libnuttx.a(arch-up_assert.o)
 .rodata.str1.1
                0x0800aa98       0x17 /home/azzathesis/ardupilot/build/px4-v2/modules/PX4Firmware/px4io-v2/NuttX/nuttx-export/libs/libnuttx.a(arch-up_hardfault.o)
 .rodata.str1.1
                0x0800aaaf       0x19 /home/azzathesis/ardupilot/build/px4-v2/modules/PX4Firmware/px4io-v2/NuttX/nuttx-export/libs/libnuttx.a(cxx-libxx_cxapurevirtual.o)
 .rodata.str1.1
                0x0800aac8       0x10 /home/azzathesis/ardupilot/build/px4-v2/modules/PX4Firmware/px4io-v2/NuttX/nuttx-export/libs/libnuttx.a(drivers-serial.o)
 .rodata.g_serialops
                0x0800aad8       0x18 /home/azzathesis/ardupilot/build/px4-v2/modules/PX4Firmware/px4io-v2/NuttX/nuttx-export/libs/libnuttx.a(drivers-serial.o)
 .rodata.g_idlename
                0x0800aaf0        0xa /home/azzathesis/ardupilot/build/px4-v2/modules/PX4Firmware/px4io-v2/NuttX/nuttx-export/libs/libnuttx.a(sched-os_start.o)
 *fill*         0x0800aafa        0x2 
 .rodata.g_tasklisttable
                0x0800aafc       0x30 /home/azzathesis/ardupilot/build/px4-v2/modules/PX4Firmware/px4io-v2/NuttX/nuttx-export/libs/libnuttx.a(sched-os_start.o)
                0x0800aafc                g_tasklisttable
 .rodata.str1.1
                0x0800ab2c        0xb /home/azzathesis/ardupilot/build/px4-v2/modules/PX4Firmware/px4io-v2/NuttX/nuttx-export/libs/libnuttx.a(sched-sem_post.o)
 .rodata.str1.1
                0x0800ab37        0xb /home/azzathesis/ardupilot/build/px4-v2/modules/PX4Firmware/px4io-v2/NuttX/nuttx-export/libs/libnuttx.a(sched-sem_wait.o)
 .rodata.str1.1
                0x0800ab42        0xc /home/azzathesis/ardupilot/build/px4-v2/modules/PX4Firmware/px4io-v2/NuttX/nuttx-export/libs/libnuttx.a(sched-wd_cancel.o)
 .rodata.g_nullstring
                0x0800ab4e        0x7 /home/azzathesis/ardupilot/build/px4-v2/modules/PX4Firmware/px4io-v2/NuttX/nuttx-export/libs/libnuttx.a(c-lib_libvsprintf.o)
 .rodata.str1.1
                0x0800ab55       0x1c /home/azzathesis/ardupilot/build/px4-v2/modules/PX4Firmware/px4io-v2/NuttX/nuttx-export/libs/libnuttx.a(c-lib_libvsprintf.o)
 .rodata        0x0800ab71        0x4 /home/azzathesis/ardupilot/build/px4-v2/modules/PX4Firmware/px4io-v2/NuttX/nuttx-export/libs/libnuttx.a(arch-stm32_vectors.o)
                0x0800ab71                g_idle_topstack
 .rodata.str1.1
                0x0800ab75       0x17 /home/azzathesis/ardupilot/build/px4-v2/modules/PX4Firmware/px4io-v2/NuttX/nuttx-export/libs/libnuttx.a(arch-up_blocktask.o)
 .rodata.str1.1
                0x0800ab8c       0x19 /home/azzathesis/ardupilot/build/px4-v2/modules/PX4Firmware/px4io-v2/NuttX/nuttx-export/libs/libnuttx.a(arch-up_unblocktask.o)
 .rodata.str1.1
                0x0800aba5        0xb /home/azzathesis/ardupilot/build/px4-v2/modules/PX4Firmware/px4io-v2/NuttX/nuttx-export/libs/libnuttx.a(fs-fs_files.o)
 .rodata.str1.1
                0x0800abb0        0xb /home/azzathesis/ardupilot/build/px4-v2/modules/PX4Firmware/px4io-v2/NuttX/nuttx-export/libs/libnuttx.a(fs-fs_inode.o)
 .rodata.str1.1
                0x00000000        0xd /home/azzathesis/ardupilot/build/px4-v2/modules/PX4Firmware/px4io-v2/NuttX/nuttx-export/libs/libnuttx.a(sched-group_setupidlefiles.o)
 .rodata.str1.1
                0x0800abbb       0x12 /home/azzathesis/ardupilot/build/px4-v2/modules/PX4Firmware/px4io-v2/NuttX/nuttx-export/libs/libnuttx.a(sched-os_bringup.o)
 .rodata.str1.1
                0x0800abcd       0x13 /home/azzathesis/ardupilot/build/px4-v2/modules/PX4Firmware/px4io-v2/NuttX/nuttx-export/libs/libnuttx.a(sched-sched_addblocked.o)
 .rodata.str1.1
                0x0800abe0       0x17 /home/azzathesis/ardupilot/build/px4-v2/modules/PX4Firmware/px4io-v2/NuttX/nuttx-export/libs/libnuttx.a(sched-sched_addprioritized.o)
 .rodata.str1.1
                0x0800abf7       0x16 /home/azzathesis/ardupilot/build/px4-v2/modules/PX4Firmware/px4io-v2/NuttX/nuttx-export/libs/libnuttx.a(sched-sched_addreadytorun.o)
 .rodata.str1.1
                0x0800ac0d       0x15 /home/azzathesis/ardupilot/build/px4-v2/modules/PX4Firmware/px4io-v2/NuttX/nuttx-export/libs/libnuttx.a(sched-sched_mergepending.o)
 .rodata.str1.1
                0x0800ac22       0x16 /home/azzathesis/ardupilot/build/px4-v2/modules/PX4Firmware/px4io-v2/NuttX/nuttx-export/libs/libnuttx.a(sched-sched_removeblocked.o)
 .rodata.str1.1
                0x0800ac38       0x19 /home/azzathesis/ardupilot/build/px4-v2/modules/PX4Firmware/px4io-v2/NuttX/nuttx-export/libs/libnuttx.a(sched-sched_removereadytorun.o)
 .rodata.g_noname
                0x0800ac51        0x9 /home/azzathesis/ardupilot/build/px4-v2/modules/PX4Firmware/px4io-v2/NuttX/nuttx-export/libs/libnuttx.a(sched-task_setup.o)
 .rodata.str1.1
                0x0800ac5a       0x11 /home/azzathesis/ardupilot/build/px4-v2/modules/PX4Firmware/px4io-v2/NuttX/nuttx-export/libs/libnuttx.a(sched-task_terminate.o)
 .rodata.str1.1
                0x0800ac6b        0xd /home/azzathesis/ardupilot/build/px4-v2/modules/PX4Firmware/px4io-v2/NuttX/nuttx-export/libs/libnuttx.a(sched-sched_lock.o)
 *(.gnu.linkonce.t.*)
 *(.glue_7)
 .glue_7        0x00000000        0x0 linker stubs
 *(.glue_7t)
 .glue_7t       0x00000000        0x0 linker stubs
 *(.got)
 *(.gcc_except_table)
 *(.gnu.linkonce.r.*)
                0x0800ac78                _etext = ABSOLUTE (.)
                0x080073bc                __errno = get_errno_ptr

.vfp11_veneer   0x0800ac78        0x0
 .vfp11_veneer  0x00000000        0x0 linker stubs

.v4_bx          0x0800ac78        0x0
 .v4_bx         0x00000000        0x0 linker stubs

.iplt           0x0800ac78        0x0
 .iplt          0x00000000        0x0 CMakeFiles/px4io-v2.dir/adc.c.obj

.init_section   0x0800ac78        0x4
                0x0800ac78                _sinit = ABSOLUTE (.)
 *(.init_array .init_array.*)
 .init_array    0x0800ac78        0x4 CMakeFiles/px4io-v2.dir/mixer.cpp.obj
                0x0800ac7c                _einit = ABSOLUTE (.)

.ARM.extab
 *(.ARM.extab*)
                0x0800ac7c                __exidx_start = ABSOLUTE (.)

.ARM.exidx      0x0800ac7c        0x8
 *(.ARM.exidx*)
 .ARM.exidx     0x0800ac7c        0x8 /opt/gcc-arm-none-eabi-4_9-2015q3/bin/../lib/gcc/arm-none-eabi/4.9.3/armv7-m/libgcc.a(_divdi3.o)
 .ARM.exidx     0x0800ac84        0x0 /opt/gcc-arm-none-eabi-4_9-2015q3/bin/../lib/gcc/arm-none-eabi/4.9.3/armv7-m/libgcc.a(_udivdi3.o)
                                  0x8 (size before relaxing)
                0x0800ac84                __exidx_end = ABSOLUTE (.)
                0x0800ac84                _eronly = ABSOLUTE (.)

.rel.dyn        0x0800ac84        0x0
 .rel.iplt      0x00000000        0x0 CMakeFiles/px4io-v2.dir/adc.c.obj

.data           0x20000000      0x254 load address 0x0800ac84
                0x20000000                _sdata = ABSOLUTE (.)
 *(.data .data.*)
 .data._dsm_fd  0x20000000        0x4 CMakeFiles/px4io-v2.dir/controls.c.obj
 .data._sbus_fd
                0x20000004        0x4 CMakeFiles/px4io-v2.dir/controls.c.obj
                0x20000004                _sbus_fd
 .data.r_page_servo_control_min
                0x20000008       0x20 CMakeFiles/px4io-v2.dir/registers.c.obj
                0x20000008                r_page_servo_control_min
 .data.r_page_servo_control_max
                0x20000028       0x20 CMakeFiles/px4io-v2.dir/registers.c.obj
                0x20000028                r_page_servo_control_max
 .data.r_page_setup
                0x20000048       0x2e CMakeFiles/px4io-v2.dir/registers.c.obj
                0x20000048                r_page_setup
 .data.r_page_config
                0x20000076       0x14 CMakeFiles/px4io-v2.dir/registers.c.obj
                0x20000076                r_page_config
 .data._sumd    0x2000008a        0x1 CMakeFiles/px4io-v2.dir/__/__/lib/rc/sumd.c.obj
                0x2000008a                _sumd
 *fill*         0x2000008b        0x1 
 .data.sbus1_frame_delay
                0x2000008c        0x4 CMakeFiles/px4io-v2.dir/__/__/lib/rc/sbus.c.obj
 .data.sbus_decode_state
                0x20000090        0x2 CMakeFiles/px4io-v2.dir/__/__/lib/rc/sbus.c.obj
 *fill*         0x20000092        0x2 
 .data.dsm_fd   0x20000094        0x4 CMakeFiles/px4io-v2.dir/__/__/lib/rc/dsm.c.obj
 .data.channel_allocations
                0x20000098        0x8 CMakeFiles/px4io-v2.dir/__/__/drivers/stm32/drv_io_timer.c.obj
                0x20000098                channel_allocations
 .data.g_dma    0x200000a0       0x70 /home/azzathesis/ardupilot/build/px4-v2/modules/PX4Firmware/px4io-v2/NuttX/nuttx-export/libs/libnuttx.a(arch-stm32_dma.o)
 .data.g_usart1priv
                0x20000110       0x6c /home/azzathesis/ardupilot/build/px4-v2/modules/PX4Firmware/px4io-v2/NuttX/nuttx-export/libs/libnuttx.a(arch-stm32_serial.o)
 .data.g_usart2priv
                0x2000017c       0x6c /home/azzathesis/ardupilot/build/px4-v2/modules/PX4Firmware/px4io-v2/NuttX/nuttx-export/libs/libnuttx.a(arch-stm32_serial.o)
 .data.g_usart3priv
                0x200001e8       0x6c /home/azzathesis/ardupilot/build/px4-v2/modules/PX4Firmware/px4io-v2/NuttX/nuttx-export/libs/libnuttx.a(arch-stm32_serial.o)
 *(.gnu.linkonce.d.*)
                0x20000254                _edata = ABSOLUTE (.)
                0x20000254                . = ALIGN (0x4)

.igot.plt       0x20000254        0x0 load address 0x0800aed8
 .igot.plt      0x00000000        0x0 CMakeFiles/px4io-v2.dir/adc.c.obj

.bss            0x20000258      0xc56 load address 0x0800aed8
                0x20000258                _sbss = ABSOLUTE (.)
 *(.bss .bss.*)
 .bss.adc_perf  0x20000258        0x4 CMakeFiles/px4io-v2.dir/adc.c.obj
                0x20000258                adc_perf
 .bss.c_gather_dsm
                0x2000025c        0x4 CMakeFiles/px4io-v2.dir/controls.c.obj
 .bss._rssi_adc_counts
                0x20000260        0x4 CMakeFiles/px4io-v2.dir/controls.c.obj
 .bss.link_quality_bits
                0x20000264        0x4 CMakeFiles/px4io-v2.dir/controls.c.obj
 .bss.c_gather_ppm
                0x20000268        0x4 CMakeFiles/px4io-v2.dir/controls.c.obj
 .bss.rc_value_override
                0x2000026c        0x2 CMakeFiles/px4io-v2.dir/controls.c.obj
 *fill*         0x2000026e        0x2 